Archive member included to satisfy reference by file (symbol)

C:/devkitPro/libctru/lib\libctru.a(initArgv.o)
                              c:/devkitpro/devkitarm/bin/../lib/gcc/arm-none-eabi/12.2.0/../../../../arm-none-eabi/lib/armv6k/fpu/3dsx_crt0.o (__system_argc)
C:/devkitPro/libctru/lib\libctru.a(stack_adjust.o)
                              c:/devkitpro/devkitarm/bin/../lib/gcc/arm-none-eabi/12.2.0/../../../../arm-none-eabi/lib/armv6k/fpu/3dsx_crt0.o (initSystem)
C:/devkitPro/libctru/lib\libctru.a(3dslink.o)
                              C:/devkitPro/libctru/lib\libctru.a(initArgv.o) (__3dslink_host)
C:/devkitPro/libctru/lib\libctru.a(soc_socket.o)
                              C:/devkitPro/libctru/lib\libctru.a(3dslink.o) (socket)
C:/devkitPro/libctru/lib\libctru.a(soc_connect.o)
                              C:/devkitPro/libctru/lib\libctru.a(3dslink.o) (connect)
C:/devkitPro/libctru/lib\libctru.a(soc_common.o)
                              C:/devkitPro/libctru/lib\libctru.a(soc_socket.o) (_net_convert_error)
C:/devkitPro/libctru/lib\libctru.a(appInit.o)
                              C:/devkitPro/libctru/lib\libctru.a(stack_adjust.o) (__appInit)
C:/devkitPro/libctru/lib\libctru.a(appExit.o)
                              C:/devkitPro/libctru/lib\libctru.a(stack_adjust.o) (__appExit)
C:/devkitPro/libctru/lib\libctru.a(ctru_init.o)
                              C:/devkitPro/libctru/lib\libctru.a(stack_adjust.o) (__libctru_init)
C:/devkitPro/libctru/lib\libctru.a(ctru_exit.o)
                              C:/devkitPro/libctru/lib\libctru.a(stack_adjust.o) (__libctru_exit)
C:/devkitPro/libctru/lib\libctru.a(svc.o)
                              C:/devkitPro/libctru/lib\libctru.a(ctru_exit.o) (svcControlMemory)
C:/devkitPro/libctru/lib\libctru.a(synchronization.o)
                              C:/devkitPro/libctru/lib\libctru.a(ctru_init.o) (__sync_init)
C:/devkitPro/libctru/lib\libctru.a(env.o)
                              C:/devkitPro/libctru/lib\libctru.a(ctru_exit.o) (envDestroyHandles)
C:/devkitPro/libctru/lib\libctru.a(srv.o)
                              C:/devkitPro/libctru/lib\libctru.a(appInit.o) (srvInit)
C:/devkitPro/libctru/lib\libctru.a(archive_dev.o)
                              C:/devkitPro/libctru/lib\libctru.a(appInit.o) (archiveMountSdmc)
C:/devkitPro/libctru/lib\libctru.a(apt.o)
                              C:/devkitPro/libctru/lib\libctru.a(appExit.o) (aptExit)
C:/devkitPro/libctru/lib\libctru.a(hid.o)
                              C:/devkitPro/libctru/lib\libctru.a(appInit.o) (hidInit)
C:/devkitPro/libctru/lib\libctru.a(srvpm.o)
                              C:/devkitPro/libctru/lib\libctru.a(srv.o) (srvPmGetSessionHandle)
C:/devkitPro/libctru/lib\libctru.a(fs.o)
                              C:/devkitPro/libctru/lib\libctru.a(appInit.o) (fsInit)
C:/devkitPro/libctru/lib\libctru.a(utf16_to_utf8.o)
                              C:/devkitPro/libctru/lib\libctru.a(archive_dev.o) (utf16_to_utf8)
C:/devkitPro/libctru/lib\libctru.a(decode_utf16.o)
                              C:/devkitPro/libctru/lib\libctru.a(utf16_to_utf8.o) (decode_utf16)
C:/devkitPro/libctru/lib\libctru.a(decode_utf8.o)
                              C:/devkitPro/libctru/lib\libctru.a(archive_dev.o) (decode_utf8)
C:/devkitPro/libctru/lib\libctru.a(utf8_to_utf16.o)
                              C:/devkitPro/libctru/lib\libctru.a(archive_dev.o) (utf8_to_utf16)
C:/devkitPro/libctru/lib\libctru.a(syscalls.o)
                              C:/devkitPro/libctru/lib\libctru.a(ctru_init.o) (__system_initSyscalls)
C:/devkitPro/libctru/lib\libctru.a(allocateHeaps.o)
                              C:/devkitPro/libctru/lib\libctru.a(ctru_init.o) (__system_allocateHeaps)
C:/devkitPro/libctru/lib\libctru.a(readtp.o)
                              C:/devkitPro/libctru/lib\libctru.a(archive_dev.o) (__aeabi_read_tp)
C:/devkitPro/libctru/lib\libctru.a(os.o)
                              C:/devkitPro/libctru/lib\libctru.a(syscalls.o) (osGetTime)
C:/devkitPro/libctru/lib\libctru.a(path_buf.o)
                              C:/devkitPro/libctru/lib\libctru.a(archive_dev.o) (__ctru_dev_utf16_buf)
C:/devkitPro/libctru/lib\libctru.a(thread.o)
                              C:/devkitPro/libctru/lib\libctru.a(apt.o) (threadCreate)
C:/devkitPro/libctru/lib\libctru.a(mappable.o)
                              C:/devkitPro/libctru/lib\libctru.a(allocateHeaps.o) (mappableInit)
C:/devkitPro/libctru/lib\libctru.a(irrst.o)
                              C:/devkitPro/libctru/lib\libctru.a(hid.o) (irrstInit)
C:/devkitPro/libctru/lib\libctru.a(gspgpu.o)
                              C:/devkitPro/libctru/lib\libctru.a(apt.o) (GSPGPU_SetLcdForceBlack)
C:/devkitPro/libctru/lib\libctru.a(ptmsysm.o)
                              C:/devkitPro/libctru/lib\libctru.a(os.o) (ptmSysmInit)
C:/devkitPro/libctru/lib\libctru.a(encode_utf16.o)
                              C:/devkitPro/libctru/lib\libctru.a(utf8_to_utf16.o) (encode_utf16)
[...]
Memory Configuration

Name             Origin             Length             Attributes
*default*        0x0000000000000000 0xffffffffffffffff

Linker script and memory map

                0x0000000000100000                PROVIDE (__start__ = 0x100000)
                0x0000000000100000                . = __start__

.text           0x0000000000100000     0x79d0
 *(.crt0)
 .crt0          0x0000000000100000       0x94 c:/devkitpro/devkitarm/bin/../lib/gcc/arm-none-eabi/12.2.0/../../../../arm-none-eabi/lib/armv6k/fpu/3dsx_crt0.o
                0x0000000000100000                _start
                0x0000000000100008                __service_ptr
                0x000000000010000c                __apt_appid
                0x0000000000100010                __heap_size
                0x0000000000100014                __linear_heap_size
                0x0000000000100018                __system_arglist
                0x000000000010001c                __system_runflags
 *(.init)
 .init          0x0000000000100094        0xc c:/devkitpro/devkitarm/bin/../lib/gcc/arm-none-eabi/12.2.0/armv6k/fpu/crti.o
                0x0000000000100094                _init
 .init          0x00000000001000a0        0xc c:/devkitpro/devkitarm/bin/../lib/gcc/arm-none-eabi/12.2.0/armv6k/fpu/crtn.o
                0x00000000001000ac                . = ALIGN (0x4)
 *(.text)
 .text          0x00000000001000ac        0x4 c:/devkitpro/devkitarm/bin/../lib/gcc/arm-none-eabi/12.2.0/armv6k/fpu\libgcc.a(_dvmd_tls.o)
                0x00000000001000ac                __aeabi_idiv0
                0x00000000001000ac                __aeabi_ldiv0
 *fill*         0x00000000001000b0       0x10 
 .text          0x00000000001000c0      0x390 c:/devkitpro/devkitarm/bin/../lib/gcc/arm-none-eabi/12.2.0/../../../../arm-none-eabi/lib/armv6k/fpu\libg.a(lib_a-strcmp.o)
                0x00000000001000c8                strcmp
 .text          0x0000000000100450      0x20c c:/devkitpro/devkitarm/bin/../lib/gcc/arm-none-eabi/12.2.0/armv6k/fpu\libgcc.a(_udivsi3.o)
                0x0000000000100450                __aeabi_uidiv
                0x0000000000100450                __udivsi3
                0x000000000010063c                __aeabi_uidivmod
 *(.text.*)
 .text.__do_global_dtors_aux
                0x000000000010065c       0x40 c:/devkitpro/devkitarm/bin/../lib/gcc/arm-none-eabi/12.2.0/armv6k/fpu/crtbegin.o
 .text.frame_dummy
                0x000000000010069c       0x2c c:/devkitpro/devkitarm/bin/../lib/gcc/arm-none-eabi/12.2.0/armv6k/fpu/crtbegin.o
 .text.__system_initArgv
                0x00000000001006c8      0x170 C:/devkitPro/libctru/lib\libctru.a(initArgv.o)
                0x00000000001006c8                __system_initArgv
 .text.initSystem
                0x0000000000100838       0x50 C:/devkitPro/libctru/lib\libctru.a(stack_adjust.o)
                0x0000000000100838                initSystem
 .text.__ctru_exit
                0x0000000000100888       0x18 C:/devkitPro/libctru/lib\libctru.a(stack_adjust.o)
                0x0000000000100888                __ctru_exit
 .text.__appInit
                0x00000000001008a0       0x30 C:/devkitPro/libctru/lib\libctru.a(appInit.o)
                0x00000000001008a0                __appInit
 .text.__appExit
                0x00000000001008d0       0x30 C:/devkitPro/libctru/lib\libctru.a(appExit.o)
                0x00000000001008d0                __appExit
 .text.__libctru_init
                0x0000000000100900       0x38 C:/devkitPro/libctru/lib\libctru.a(ctru_init.o)
                0x0000000000100900                __libctru_init
 .text.__libctru_exit
                0x0000000000100938       0x90 C:/devkitPro/libctru/lib\libctru.a(ctru_exit.o)
                0x0000000000100938                __libctru_exit
 .text.svcControlMemory
                0x00000000001009c8       0x20 C:/devkitPro/libctru/lib\libctru.a(svc.o)
                0x00000000001009c8                svcControlMemory
 .text.svcQueryMemory
                0x00000000001009e8       0x30 C:/devkitPro/libctru/lib\libctru.a(svc.o)
                0x00000000001009e8                svcQueryMemory
 .text.svcExitProcess
                0x0000000000100a18        0x8 C:/devkitPro/libctru/lib\libctru.a(svc.o)
                0x0000000000100a18                svcExitProcess
 .text.svcCreateThread
                0x0000000000100a20       0x20 C:/devkitPro/libctru/lib\libctru.a(svc.o)
                0x0000000000100a20                svcCreateThread
 .text.svcExitThread
                0x0000000000100a40        0x8 C:/devkitPro/libctru/lib\libctru.a(svc.o)
                0x0000000000100a40                svcExitThread
 .text.svcSleepThread
                0x0000000000100a48        0x8 C:/devkitPro/libctru/lib\libctru.a(svc.o)
                0x0000000000100a48                svcSleepThread
 .text.svcReleaseMutex
                0x0000000000100a50        0x8 C:/devkitPro/libctru/lib\libctru.a(svc.o)
                0x0000000000100a50                svcReleaseMutex
 .text.svcSignalEvent
                0x0000000000100a58        0x8 C:/devkitPro/libctru/lib\libctru.a(svc.o)
                0x0000000000100a58                svcSignalEvent
 .text.svcClearEvent
                0x0000000000100a60        0x8 C:/devkitPro/libctru/lib\libctru.a(svc.o)
                0x0000000000100a60                svcClearEvent
 .text.svcMapMemoryBlock
                0x0000000000100a68        0x8 C:/devkitPro/libctru/lib\libctru.a(svc.o)
                0x0000000000100a68                svcMapMemoryBlock
 .text.svcUnmapMemoryBlock
                0x0000000000100a70        0x8 C:/devkitPro/libctru/lib\libctru.a(svc.o)
                0x0000000000100a70                svcUnmapMemoryBlock
 .text.svcCreateAddressArbiter
                0x0000000000100a78       0x14 C:/devkitPro/libctru/lib\libctru.a(svc.o)
                0x0000000000100a78                svcCreateAddressArbiter
 .text.svcArbitrateAddressNoTimeout
                0x0000000000100a8c        0x8 C:/devkitPro/libctru/lib\libctru.a(svc.o)
                0x0000000000100a8c                svcArbitrateAddressNoTimeout
 .text.svcCloseHandle
                0x0000000000100a94        0x8 C:/devkitPro/libctru/lib\libctru.a(svc.o)
                0x0000000000100a94                svcCloseHandle
 .text.svcWaitSynchronization
                0x0000000000100a9c        0x8 C:/devkitPro/libctru/lib\libctru.a(svc.o)
                0x0000000000100a9c                svcWaitSynchronization
 .text.svcWaitSynchronizationN
                0x0000000000100aa4       0x28 C:/devkitPro/libctru/lib\libctru.a(svc.o)
                0x0000000000100aa4                svcWaitSynchronizationN
 .text.svcDuplicateHandle
                0x0000000000100acc       0x14 C:/devkitPro/libctru/lib\libctru.a(svc.o)
                0x0000000000100acc                svcDuplicateHandle
 .text.svcConnectToPort
                0x0000000000100ae0       0x14 C:/devkitPro/libctru/lib\libctru.a(svc.o)
                0x0000000000100ae0                svcConnectToPort
 .text.svcSendSyncRequest
                0x0000000000100af4        0x8 C:/devkitPro/libctru/lib\libctru.a(svc.o)
                0x0000000000100af4                svcSendSyncRequest
 .text.svcGetResourceLimit
                0x0000000000100afc       0x14 C:/devkitPro/libctru/lib\libctru.a(svc.o)
                0x0000000000100afc                svcGetResourceLimit
 .text.svcGetResourceLimitLimitValues
                0x0000000000100b10        0x8 C:/devkitPro/libctru/lib\libctru.a(svc.o)
                0x0000000000100b10                svcGetResourceLimitLimitValues
 .text.svcGetResourceLimitCurrentValues
                0x0000000000100b18        0x8 C:/devkitPro/libctru/lib\libctru.a(svc.o)
                0x0000000000100b18                svcGetResourceLimitCurrentValues
 .text.svcBreak
                0x0000000000100b20        0x8 C:/devkitPro/libctru/lib\libctru.a(svc.o)
                0x0000000000100b20                svcBreak
 .text.__sync_init
                0x0000000000100b28        0xc C:/devkitPro/libctru/lib\libctru.a(synchronization.o)
                0x0000000000100b28                __sync_init
 .text.__sync_fini
                0x0000000000100b34       0x18 C:/devkitPro/libctru/lib\libctru.a(synchronization.o)
                0x0000000000100b34                __sync_fini
 .text.LightLock_Lock
                0x0000000000100b4c       0xb0 C:/devkitPro/libctru/lib\libctru.a(synchronization.o)
                0x0000000000100b4c                LightLock_Lock
 .text.RecursiveLock_Lock
                0x0000000000100bfc       0x30 C:/devkitPro/libctru/lib\libctru.a(synchronization.o)
                0x0000000000100bfc                RecursiveLock_Lock
 .text.RecursiveLock_Unlock
                0x0000000000100c2c       0x54 C:/devkitPro/libctru/lib\libctru.a(synchronization.o)
                0x0000000000100c2c                RecursiveLock_Unlock
 .text.LightEvent_Init
                0x0000000000100c80       0x40 C:/devkitPro/libctru/lib\libctru.a(synchronization.o)
                0x0000000000100c80                LightEvent_Init
 .text.LightEvent_Clear
                0x0000000000100cc0       0xa4 C:/devkitPro/libctru/lib\libctru.a(synchronization.o)
                0x0000000000100cc0                LightEvent_Clear
 .text.LightEvent_Signal
                0x0000000000100d64       0xc8 C:/devkitPro/libctru/lib\libctru.a(synchronization.o)
                0x0000000000100d64                LightEvent_Signal
 .text.LightEvent_TryWait
                0x0000000000100e2c       0x50 C:/devkitPro/libctru/lib\libctru.a(synchronization.o)
                0x0000000000100e2c                LightEvent_TryWait
 .text.LightEvent_Wait
                0x0000000000100e7c       0xb0 C:/devkitPro/libctru/lib\libctru.a(synchronization.o)
                0x0000000000100e7c                LightEvent_Wait
 .text.envGetHandle
                0x0000000000100f2c       0x84 C:/devkitPro/libctru/lib\libctru.a(env.o)
                0x0000000000100f2c                envGetHandle
 .text.envDestroyHandles
                0x0000000000100fb0       0x50 C:/devkitPro/libctru/lib\libctru.a(env.o)
                0x0000000000100fb0                envDestroyHandles
 .text.srvInit  0x0000000000101000      0x130 C:/devkitPro/libctru/lib\libctru.a(srv.o)
                0x0000000000101000                srvInit
 .text.srvExit  0x0000000000101130       0x58 C:/devkitPro/libctru/lib\libctru.a(srv.o)
                0x0000000000101130                srvExit
 .text.srvGetServiceHandleDirect
                0x0000000000101188       0xa0 C:/devkitPro/libctru/lib\libctru.a(srv.o)
                0x0000000000101188                srvGetServiceHandleDirect
 .text.srvGetServiceHandle
                0x0000000000101228       0x38 C:/devkitPro/libctru/lib\libctru.a(srv.o)
                0x0000000000101228                srvGetServiceHandle
 .text.srvPublishToSubscriber
                0x0000000000101260       0x38 C:/devkitPro/libctru/lib\libctru.a(srv.o)
                0x0000000000101260                srvPublishToSubscriber
 .text.archive_link
                0x0000000000101298       0x14 C:/devkitPro/libctru/lib\libctru.a(archive_dev.o)
 .text.archive_dirreset
                0x00000000001012ac       0x14 C:/devkitPro/libctru/lib\libctru.a(archive_dev.o)
 .text.archive_chmod
                0x00000000001012c0       0x14 C:/devkitPro/libctru/lib\libctru.a(archive_dev.o)
 .text.error_cmp
                0x00000000001012d4       0x24 C:/devkitPro/libctru/lib\libctru.a(archive_dev.o)
 .text.archive_translate_error
                0x00000000001012f8       0x50 C:/devkitPro/libctru/lib\libctru.a(archive_dev.o)
 .text.archive_seek
                0x0000000000101348       0xc8 C:/devkitPro/libctru/lib\libctru.a(archive_dev.o)
 .text._archiveInit.part.0
                0x0000000000101410       0x7c C:/devkitPro/libctru/lib\libctru.a(archive_dev.o)
 .text.archiveFindDevice.part.0
                0x000000000010148c       0xc4 C:/devkitPro/libctru/lib\libctru.a(archive_dev.o)
 .text.archive_utf16path
                0x0000000000101550      0x25c C:/devkitPro/libctru/lib\libctru.a(archive_dev.o)
 .text._archiveUnmountDeviceStruct.part.0
                0x00000000001017ac       0xa0 C:/devkitPro/libctru/lib\libctru.a(archive_dev.o)
 .text.archive_fchmod
                0x000000000010184c       0x14 C:/devkitPro/libctru/lib\libctru.a(archive_dev.o)
 .text.archive_statvfs
                0x0000000000101860       0x14 C:/devkitPro/libctru/lib\libctru.a(archive_dev.o)
 .text._archiveMountDevice
                0x0000000000101874      0x164 C:/devkitPro/libctru/lib\libctru.a(archive_dev.o)
 .text.archive_diropen
                0x00000000001019d8       0xe8 C:/devkitPro/libctru/lib\libctru.a(archive_dev.o)
 .text.archive_fstat
                0x0000000000101ac0       0xa4 C:/devkitPro/libctru/lib\libctru.a(archive_dev.o)
 .text.archive_close
                0x0000000000101b64       0x6c C:/devkitPro/libctru/lib\libctru.a(archive_dev.o)
 .text.archive_fsync
                0x0000000000101bd0       0x6c C:/devkitPro/libctru/lib\libctru.a(archive_dev.o)
 .text.archive_dirclose
                0x0000000000101c3c       0x70 C:/devkitPro/libctru/lib\libctru.a(archive_dev.o)
 .text.sdmc_statvfs
                0x0000000000101cac       0xe8 C:/devkitPro/libctru/lib\libctru.a(archive_dev.o)
 .text.archive_chdir
                0x0000000000101d94       0xec C:/devkitPro/libctru/lib\libctru.a(archive_dev.o)
 .text.archive_ftruncate
                0x0000000000101e80       0x7c C:/devkitPro/libctru/lib\libctru.a(archive_dev.o)
 .text.archive_read
                0x0000000000101efc       0xac C:/devkitPro/libctru/lib\libctru.a(archive_dev.o)
 .text.archive_unlink
                0x0000000000101fa8       0xa4 C:/devkitPro/libctru/lib\libctru.a(archive_dev.o)
 .text.archive_rmdir
                0x000000000010204c       0xbc C:/devkitPro/libctru/lib\libctru.a(archive_dev.o)
 .text.archive_mkdir
                0x0000000000102108       0xdc C:/devkitPro/libctru/lib\libctru.a(archive_dev.o)
 .text.archive_stat
                0x00000000001021e4      0x19c C:/devkitPro/libctru/lib\libctru.a(archive_dev.o)
 .text.archive_dirnext
                0x0000000000102380      0x15c C:/devkitPro/libctru/lib\libctru.a(archive_dev.o)
 .text.archive_write
                0x00000000001024dc       0xec C:/devkitPro/libctru/lib\libctru.a(archive_dev.o)
 .text.archive_open
                0x00000000001025c8      0x1d4 C:/devkitPro/libctru/lib\libctru.a(archive_dev.o)
 .text.archive_rename
                0x000000000010279c      0x278 C:/devkitPro/libctru/lib\libctru.a(archive_dev.o)
 .text.archiveMountSdmc
                0x0000000000102a14      0x19c C:/devkitPro/libctru/lib\libctru.a(archive_dev.o)
                0x0000000000102a14                archiveMountSdmc
 .text.archiveUnmountAll
                0x0000000000102bb0       0x54 C:/devkitPro/libctru/lib\libctru.a(archive_dev.o)
                0x0000000000102bb0                archiveUnmountAll
 .text.aptDspSleep
                0x0000000000102c04        0x8 C:/devkitPro/libctru/lib\libctru.a(apt.o)
                0x0000000000102c04                aptDspSleep
 .text.aptDspWakeup
                0x0000000000102c0c        0x4 C:/devkitPro/libctru/lib\libctru.a(apt.o)
                0x0000000000102c0c                aptDspWakeup
 .text.aptDspCancel
                0x0000000000102c10        0x4 C:/devkitPro/libctru/lib\libctru.a(apt.o)
                0x0000000000102c10                aptDspCancel
 .text.aptSendCommand
                0x0000000000102c14      0x158 C:/devkitPro/libctru/lib\libctru.a(apt.o)
                0x0000000000102c14                aptSendCommand
 *fill*         0x0000000000102d6c        0x4 
 .text.aptExitProcess
                0x0000000000102d70       0x44 C:/devkitPro/libctru/lib\libctru.a(apt.o)
 .text.aptExit  0x0000000000102db4      0x2f4 C:/devkitPro/libctru/lib\libctru.a(apt.o)
                0x0000000000102db4                aptExit
 .text.APT_SleepIfShellClosed
                0x00000000001030a8       0x84 C:/devkitPro/libctru/lib\libctru.a(apt.o)
                0x00000000001030a8                APT_SleepIfShellClosed
 .text.APT_UnlockTransition
                0x000000000010312c       0x84 C:/devkitPro/libctru/lib\libctru.a(apt.o)
                0x000000000010312c                APT_UnlockTransition
 .text.aptEventHandler
                0x00000000001031b0      0x4a4 C:/devkitPro/libctru/lib\libctru.a(apt.o)
 .text.APT_ReceiveParameter
                0x0000000000103654       0xb0 C:/devkitPro/libctru/lib\libctru.a(apt.o)
                0x0000000000103654                APT_ReceiveParameter
 .text.aptReceiveParameter.constprop.0
                0x0000000000103704       0xb0 C:/devkitPro/libctru/lib\libctru.a(apt.o)
 .text.aptWaitForWakeUp.isra.0
                0x00000000001037b4      0x344 C:/devkitPro/libctru/lib\libctru.a(apt.o)
 .text.aptInit  0x0000000000103af8      0x22c C:/devkitPro/libctru/lib\libctru.a(apt.o)
                0x0000000000103af8                aptInit
 .text.APT_CheckNew3DS
                0x0000000000103d24       0x7c C:/devkitPro/libctru/lib\libctru.a(apt.o)
                0x0000000000103d24                APT_CheckNew3DS
 .text.hidShouldUseIrrst
                0x0000000000103da0       0x24 C:/devkitPro/libctru/lib\libctru.a(hid.o)
                0x0000000000103da0                hidShouldUseIrrst
 .text.hidInit  0x0000000000103dc4      0x18c C:/devkitPro/libctru/lib\libctru.a(hid.o)
                0x0000000000103dc4                hidInit
 .text.hidExit  0x0000000000103f50       0xe8 C:/devkitPro/libctru/lib\libctru.a(hid.o)
                0x0000000000103f50                hidExit
 .text.srvPmGetSessionHandle
                0x0000000000104038        0xc C:/devkitPro/libctru/lib\libctru.a(srvpm.o)
                0x0000000000104038                srvPmGetSessionHandle
 .text.fsInit   0x0000000000104044       0xcc C:/devkitPro/libctru/lib\libctru.a(fs.o)
                0x0000000000104044                fsInit
 .text.fsExit   0x0000000000104110       0x3c C:/devkitPro/libctru/lib\libctru.a(fs.o)
                0x0000000000104110                fsExit
 .text.fsExemptFromSession
                0x000000000010414c       0x60 C:/devkitPro/libctru/lib\libctru.a(fs.o)
                0x000000000010414c                fsExemptFromSession
 .text.fsUnexemptFromSession
                0x00000000001041ac       0x50 C:/devkitPro/libctru/lib\libctru.a(fs.o)
                0x00000000001041ac                fsUnexemptFromSession
 .text.FSUSER_OpenFile
                0x00000000001041fc       0xcc C:/devkitPro/libctru/lib\libctru.a(fs.o)
                0x00000000001041fc                FSUSER_OpenFile
 .text.FSUSER_DeleteFile
                0x00000000001042c8       0xbc C:/devkitPro/libctru/lib\libctru.a(fs.o)
                0x00000000001042c8                FSUSER_DeleteFile
 .text.FSUSER_RenameFile
                0x0000000000104384       0xf8 C:/devkitPro/libctru/lib\libctru.a(fs.o)
                0x0000000000104384                FSUSER_RenameFile
 .text.FSUSER_DeleteDirectory
                0x000000000010447c       0xbc C:/devkitPro/libctru/lib\libctru.a(fs.o)
                0x000000000010447c                FSUSER_DeleteDirectory
 .text.FSUSER_CreateFile
                0x0000000000104538       0xd4 C:/devkitPro/libctru/lib\libctru.a(fs.o)
                0x0000000000104538                FSUSER_CreateFile
 .text.FSUSER_CreateDirectory
                0x000000000010460c       0xc4 C:/devkitPro/libctru/lib\libctru.a(fs.o)
                0x000000000010460c                FSUSER_CreateDirectory
 .text.FSUSER_RenameDirectory
                0x00000000001046d0       0xf8 C:/devkitPro/libctru/lib\libctru.a(fs.o)
                0x00000000001046d0                FSUSER_RenameDirectory
 .text.FSUSER_OpenDirectory
                0x00000000001047c8       0xb4 C:/devkitPro/libctru/lib\libctru.a(fs.o)
                0x00000000001047c8                FSUSER_OpenDirectory
 .text.FSUSER_OpenArchive
                0x000000000010487c       0x98 C:/devkitPro/libctru/lib\libctru.a(fs.o)
                0x000000000010487c                FSUSER_OpenArchive
 .text.FSUSER_CloseArchive
                0x0000000000104914       0x8c C:/devkitPro/libctru/lib\libctru.a(fs.o)
                0x0000000000104914                FSUSER_CloseArchive
 .text.FSUSER_GetSdmcArchiveResource
                0x00000000001049a0       0x74 C:/devkitPro/libctru/lib\libctru.a(fs.o)
                0x00000000001049a0                FSUSER_GetSdmcArchiveResource
 .text.FSUSER_IsSdmcWritable
                0x0000000000104a14       0x64 C:/devkitPro/libctru/lib\libctru.a(fs.o)
                0x0000000000104a14                FSUSER_IsSdmcWritable
 .text.FSFILE_Read
                0x0000000000104a78       0x58 C:/devkitPro/libctru/lib\libctru.a(fs.o)
                0x0000000000104a78                FSFILE_Read
 .text.FSFILE_Write
                0x0000000000104ad0       0x60 C:/devkitPro/libctru/lib\libctru.a(fs.o)
                0x0000000000104ad0                FSFILE_Write
 .text.FSFILE_GetSize
                0x0000000000104b30       0x3c C:/devkitPro/libctru/lib\libctru.a(fs.o)
                0x0000000000104b30                FSFILE_GetSize
 .text.FSFILE_SetSize
                0x0000000000104b6c       0x28 C:/devkitPro/libctru/lib\libctru.a(fs.o)
                0x0000000000104b6c                FSFILE_SetSize
 .text.FSFILE_Close
                0x0000000000104b94       0x3c C:/devkitPro/libctru/lib\libctru.a(fs.o)
                0x0000000000104b94                FSFILE_Close
 .text.FSFILE_Flush
                0x0000000000104bd0       0x24 C:/devkitPro/libctru/lib\libctru.a(fs.o)
                0x0000000000104bd0                FSFILE_Flush
 .text.FSDIR_Read
                0x0000000000104bf4       0x50 C:/devkitPro/libctru/lib\libctru.a(fs.o)
                0x0000000000104bf4                FSDIR_Read
 .text.FSDIR_Close
                0x0000000000104c44       0x3c C:/devkitPro/libctru/lib\libctru.a(fs.o)
                0x0000000000104c44                FSDIR_Close
 .text.utf16_to_utf8
                0x0000000000104c80       0xe8 C:/devkitPro/libctru/lib\libctru.a(utf16_to_utf8.o)
                0x0000000000104c80                utf16_to_utf8
 .text.decode_utf16
                0x0000000000104d68       0x64 C:/devkitPro/libctru/lib\libctru.a(decode_utf16.o)
                0x0000000000104d68                decode_utf16
 .text.decode_utf8
                0x0000000000104dcc      0x13c C:/devkitPro/libctru/lib\libctru.a(decode_utf8.o)
                0x0000000000104dcc                decode_utf8
 .text.utf8_to_utf16
                0x0000000000104f08       0xc0 C:/devkitPro/libctru/lib\libctru.a(utf8_to_utf16.o)
                0x0000000000104f08                utf8_to_utf16
 .text.__syscall_getreent
                0x0000000000104fc8       0x30 C:/devkitPro/libctru/lib\libctru.a(syscalls.o)
                0x0000000000104fc8                __syscall_getreent
 .text.__syscall_lock_acquire_recursive
                0x0000000000104ff8        0x4 C:/devkitPro/libctru/lib\libctru.a(syscalls.o)
                0x0000000000104ff8                __syscall_lock_acquire_recursive
 .text.__syscall_lock_release_recursive
                0x0000000000104ffc        0x4 C:/devkitPro/libctru/lib\libctru.a(syscalls.o)
                0x0000000000104ffc                __syscall_lock_release_recursive
 .text.__syscall_exit
                0x0000000000105000        0x4 C:/devkitPro/libctru/lib\libctru.a(syscalls.o)
                0x0000000000105000                __syscall_exit
 .text.initThreadVars
                0x0000000000105004       0x50 C:/devkitPro/libctru/lib\libctru.a(syscalls.o)
                0x0000000000105004                initThreadVars
 .text.__system_initSyscalls
                0x0000000000105054       0x68 C:/devkitPro/libctru/lib\libctru.a(syscalls.o)
                0x0000000000105054                __system_initSyscalls
 *fill*         0x00000000001050bc        0x4 
 .text.__system_allocateHeaps
                0x00000000001050c0      0x1e0 C:/devkitPro/libctru/lib\libctru.a(allocateHeaps.o)
                0x00000000001050c0                __system_allocateHeaps
 .text.__aeabi_read_tp
                0x00000000001052a0        0xc C:/devkitPro/libctru/lib\libctru.a(readtp.o)
                0x00000000001052a0                __aeabi_read_tp
 .text.__ctru_speedup_config
                0x00000000001052ac       0x34 C:/devkitPro/libctru/lib\libctru.a(os.o)
                0x00000000001052ac                __ctru_speedup_config
 .text.threadCreate
                0x00000000001052e0      0x178 C:/devkitPro/libctru/lib\libctru.a(thread.o)
                0x00000000001052e0                threadCreate
 .text.threadFree
                0x0000000000105458       0x2c C:/devkitPro/libctru/lib\libctru.a(thread.o)
                0x0000000000105458                threadFree
 .text.threadJoin
                0x0000000000105484       0x24 C:/devkitPro/libctru/lib\libctru.a(thread.o)
                0x0000000000105484                threadJoin
 .text.threadGetCurrent
                0x00000000001054a8       0x30 C:/devkitPro/libctru/lib\libctru.a(thread.o)
                0x00000000001054a8                threadGetCurrent
 .text.threadExit
                0x00000000001054d8       0x40 C:/devkitPro/libctru/lib\libctru.a(thread.o)
                0x00000000001054d8                threadExit
 .text._thread_begin
                0x0000000000105518       0x20 C:/devkitPro/libctru/lib\libctru.a(thread.o)
 .text.mappableFindAddressWithin
                0x0000000000105538       0xb4 C:/devkitPro/libctru/lib\libctru.a(mappable.o)
 .text.mappableInit
                0x00000000001055ec       0x28 C:/devkitPro/libctru/lib\libctru.a(mappable.o)
                0x00000000001055ec                mappableInit
 .text.mappableAlloc
                0x0000000000105614       0x80 C:/devkitPro/libctru/lib\libctru.a(mappable.o)
                0x0000000000105614                mappableAlloc
 .text.mappableFree
                0x0000000000105694        0x4 C:/devkitPro/libctru/lib\libctru.a(mappable.o)
                0x0000000000105694                mappableFree
 .text.irrstInit
                0x0000000000105698      0x164 C:/devkitPro/libctru/lib\libctru.a(irrst.o)
                0x0000000000105698                irrstInit
 .text.irrstExit
                0x00000000001057fc       0xcc C:/devkitPro/libctru/lib\libctru.a(irrst.o)
                0x00000000001057fc                irrstExit
 .text.GSPGPU_AcquireRight
                0x00000000001058c8       0x68 C:/devkitPro/libctru/lib\libctru.a(gspgpu.o)
                0x00000000001058c8                GSPGPU_AcquireRight
 .text.GSPGPU_RestoreVramSysArea
                0x0000000000105930       0x2c C:/devkitPro/libctru/lib\libctru.a(gspgpu.o)
                0x0000000000105930                GSPGPU_RestoreVramSysArea
 .text.ptmSysmInit
                0x000000000010595c       0x74 C:/devkitPro/libctru/lib\libctru.a(ptmsysm.o)
                0x000000000010595c                ptmSysmInit
 .text.ptmSysmExit
                0x00000000001059d0       0x3c C:/devkitPro/libctru/lib\libctru.a(ptmsysm.o)
                0x00000000001059d0                ptmSysmExit
 .text.PTMSYSM_ConfigureNew3DSCPU
                0x0000000000105a0c       0x34 C:/devkitPro/libctru/lib\libctru.a(ptmsysm.o)
                0x0000000000105a0c                PTMSYSM_ConfigureNew3DSCPU
 .text.encode_utf16
                0x0000000000105a40       0x54 C:/devkitPro/libctru/lib\libctru.a(encode_utf16.o)
                0x0000000000105a40                encode_utf16
 .text.encode_utf8
                0x0000000000105a94       0xe0 C:/devkitPro/libctru/lib\libctru.a(encode_utf8.o)
                0x0000000000105a94                encode_utf8
 .text.bsearch  0x0000000000105b74       0x78 c:/devkitpro/devkitarm/bin/../lib/gcc/arm-none-eabi/12.2.0/../../../../arm-none-eabi/lib/armv6k/fpu\libg.a(lib_a-bsearch.o)
                0x0000000000105b74                bsearch
 .text.exit     0x0000000000105bec       0x34 c:/devkitpro/devkitarm/bin/../lib/gcc/arm-none-eabi/12.2.0/../../../../arm-none-eabi/lib/armv6k/fpu\libg.a(lib_a-exit.o)
                0x0000000000105bec                exit
 .text.__libc_fini_array
                0x0000000000105c20       0x3c c:/devkitpro/devkitarm/bin/../lib/gcc/arm-none-eabi/12.2.0/../../../../arm-none-eabi/lib/armv6k/fpu\libg.a(lib_a-fini.o)
                0x0000000000105c20                __libc_fini_array
 .text._malloc_trim_r
                0x0000000000105c5c       0xf8 c:/devkitpro/devkitarm/bin/../lib/gcc/arm-none-eabi/12.2.0/../../../../arm-none-eabi/lib/armv6k/fpu\libg.a(lib_a-freer.o)
                0x0000000000105c5c                _malloc_trim_r
 .text._free_r  0x0000000000105d54      0x2e8 c:/devkitpro/devkitarm/bin/../lib/gcc/arm-none-eabi/12.2.0/../../../../arm-none-eabi/lib/armv6k/fpu\libg.a(lib_a-freer.o)
                0x0000000000105d54                _free_r
 .text.__libc_init_array
                0x000000000010603c       0x84 c:/devkitpro/devkitarm/bin/../lib/gcc/arm-none-eabi/12.2.0/../../../../arm-none-eabi/lib/armv6k/fpu\libg.a(lib_a-init.o)
                0x000000000010603c                __libc_init_array
 .text.memalign
                0x00000000001060c0       0x20 c:/devkitpro/devkitarm/bin/../lib/gcc/arm-none-eabi/12.2.0/../../../../arm-none-eabi/lib/armv6k/fpu\libg.a(lib_a-malign.o)
                0x00000000001060c0                memalign
 .text._memalign_r
                0x00000000001060e0      0x14c c:/devkitpro/devkitarm/bin/../lib/gcc/arm-none-eabi/12.2.0/../../../../arm-none-eabi/lib/armv6k/fpu\libg.a(lib_a-malignr.o)
                0x00000000001060e0                _memalign_r
 .text.malloc   0x000000000010622c       0x18 c:/devkitpro/devkitarm/bin/../lib/gcc/arm-none-eabi/12.2.0/../../../../arm-none-eabi/lib/armv6k/fpu\libg.a(lib_a-malloc.o)
                0x000000000010622c                malloc
 .text.free     0x0000000000106244       0x18 c:/devkitpro/devkitarm/bin/../lib/gcc/arm-none-eabi/12.2.0/../../../../arm-none-eabi/lib/armv6k/fpu\libg.a(lib_a-malloc.o)
                0x0000000000106244                free
 .text._malloc_r
                0x000000000010625c      0x7e4 c:/devkitpro/devkitarm/bin/../lib/gcc/arm-none-eabi/12.2.0/../../../../arm-none-eabi/lib/armv6k/fpu\libg.a(lib_a-mallocr.o)
                0x000000000010625c                _malloc_r
 .text.memcpy   0x0000000000106a40      0x118 c:/devkitpro/devkitarm/bin/../lib/gcc/arm-none-eabi/12.2.0/../../../../arm-none-eabi/lib/armv6k/fpu\libg.a(lib_a-memcpy-stub.o)
                0x0000000000106a40                memcpy
 .text.memset   0x0000000000106b58       0xf4 c:/devkitpro/devkitarm/bin/../lib/gcc/arm-none-eabi/12.2.0/../../../../arm-none-eabi/lib/armv6k/fpu\libg.a(lib_a-memset.o)
                0x0000000000106b58                memset
 .text.__malloc_lock
                0x0000000000106c4c        0xc c:/devkitpro/devkitarm/bin/../lib/gcc/arm-none-eabi/12.2.0/../../../../arm-none-eabi/lib/armv6k/fpu\libg.a(lib_a-mlock.o)
                0x0000000000106c4c                __malloc_lock
 .text.__malloc_unlock
                0x0000000000106c58        0xc c:/devkitpro/devkitarm/bin/../lib/gcc/arm-none-eabi/12.2.0/../../../../arm-none-eabi/lib/armv6k/fpu\libg.a(lib_a-mlock.o)
                0x0000000000106c58                __malloc_unlock
 .text.strlen   0x0000000000106c64       0x5c c:/devkitpro/devkitarm/bin/../lib/gcc/arm-none-eabi/12.2.0/../../../../arm-none-eabi/lib/armv6k/fpu\libg.a(lib_a-strlen-stub.o)
                0x0000000000106c64                strlen
 .text.strncat  0x0000000000106cc0       0xe4 c:/devkitpro/devkitarm/bin/../lib/gcc/arm-none-eabi/12.2.0/../../../../arm-none-eabi/lib/armv6k/fpu\libg.a(lib_a-strncat.o)
                0x0000000000106cc0                strncat
 .text.strncmp  0x0000000000106da4       0xe4 c:/devkitpro/devkitarm/bin/../lib/gcc/arm-none-eabi/12.2.0/../../../../arm-none-eabi/lib/armv6k/fpu\libg.a(lib_a-strncmp.o)
                0x0000000000106da4                strncmp
 .text.strncpy  0x0000000000106e88       0xc4 c:/devkitpro/devkitarm/bin/../lib/gcc/arm-none-eabi/12.2.0/../../../../arm-none-eabi/lib/armv6k/fpu\libg.a(lib_a-strncpy.o)
                0x0000000000106e88                strncpy
 .text.strnlen  0x0000000000106f4c       0x48 c:/devkitpro/devkitarm/bin/../lib/gcc/arm-none-eabi/12.2.0/../../../../arm-none-eabi/lib/armv6k/fpu\libg.a(lib_a-strnlen.o)
                0x0000000000106f4c                strnlen
 .text._strtoul_l.constprop.0
                0x0000000000106f94      0x1c4 c:/devkitpro/devkitarm/bin/../lib/gcc/arm-none-eabi/12.2.0/../../../../arm-none-eabi/lib/armv6k/fpu\libg.a(lib_a-strtoul.o)
 .text.strtoul  0x0000000000107158       0x28 c:/devkitpro/devkitarm/bin/../lib/gcc/arm-none-eabi/12.2.0/../../../../arm-none-eabi/lib/armv6k/fpu\libg.a(lib_a-strtoul.o)
                0x0000000000107158                strtoul
 .text.__call_exitprocs
                0x0000000000107180      0x114 c:/devkitpro/devkitarm/bin/../lib/gcc/arm-none-eabi/12.2.0/../../../../arm-none-eabi/lib/armv6k/fpu\libg.a(lib_a-__call_atexit.o)
                0x0000000000107180                __call_exitprocs
 .text.null_write
                0x0000000000107294        0x8 c:/devkitpro/devkitarm/bin/../lib/gcc/arm-none-eabi/12.2.0/../../../../arm-none-eabi/lib/armv6k/fpu\libsysbase.a(iosupport.o)
 .text.setDefaultDevice
                0x000000000010729c       0x18 c:/devkitpro/devkitarm/bin/../lib/gcc/arm-none-eabi/12.2.0/../../../../arm-none-eabi/lib/armv6k/fpu\libsysbase.a(iosupport.o)
                0x000000000010729c                setDefaultDevice
 .text.FindDevice
                0x00000000001072b4       0xc8 c:/devkitpro/devkitarm/bin/../lib/gcc/arm-none-eabi/12.2.0/../../../../arm-none-eabi/lib/armv6k/fpu\libsysbase.a(iosupport.o)
                0x00000000001072b4                FindDevice
 .text.RemoveDevice
                0x000000000010737c       0x28 c:/devkitpro/devkitarm/bin/../lib/gcc/arm-none-eabi/12.2.0/../../../../arm-none-eabi/lib/armv6k/fpu\libsysbase.a(iosupport.o)
                0x000000000010737c                RemoveDevice
 .text.AddDevice
                0x00000000001073a4       0x9c c:/devkitpro/devkitarm/bin/../lib/gcc/arm-none-eabi/12.2.0/../../../../arm-none-eabi/lib/armv6k/fpu\libsysbase.a(iosupport.o)
                0x00000000001073a4                AddDevice
 .text.GetDeviceOpTab
                0x0000000000107440       0x20 c:/devkitpro/devkitarm/bin/../lib/gcc/arm-none-eabi/12.2.0/../../../../arm-none-eabi/lib/armv6k/fpu\libsysbase.a(iosupport.o)
                0x0000000000107440                GetDeviceOpTab
 .text._sbrk_r  0x0000000000107460       0x78 c:/devkitpro/devkitarm/bin/../lib/gcc/arm-none-eabi/12.2.0/../../../../arm-none-eabi/lib/armv6k/fpu\libsysbase.a(sbrk.o)
                0x0000000000107460                _sbrk_r
 .text._exit    0x00000000001074d8       0x20 c:/devkitpro/devkitarm/bin/../lib/gcc/arm-none-eabi/12.2.0/../../../../arm-none-eabi/lib/armv6k/fpu\libsysbase.a(_exit.o)
                0x00000000001074d8                _exit
 .text._concatenate_path
                0x00000000001074f8      0x1a4 c:/devkitpro/devkitarm/bin/../lib/gcc/arm-none-eabi/12.2.0/../../../../arm-none-eabi/lib/armv6k/fpu\libsysbase.a(chdir.o)
                0x00000000001074f8                _concatenate_path
 .text.chdir    0x000000000010769c      0x140 c:/devkitpro/devkitarm/bin/../lib/gcc/arm-none-eabi/12.2.0/../../../../arm-none-eabi/lib/armv6k/fpu\libsysbase.a(chdir.o)
                0x000000000010769c                chdir
 .text.__getreent
                0x00000000001077dc       0x2c c:/devkitpro/devkitarm/bin/../lib/gcc/arm-none-eabi/12.2.0/../../../../arm-none-eabi/lib/armv6k/fpu\libsysbase.a(getreent.o)
                0x00000000001077dc                __getreent
 .text.__libc_lock_acquire_recursive
                0x0000000000107808       0x1c c:/devkitpro/devkitarm/bin/../lib/gcc/arm-none-eabi/12.2.0/../../../../arm-none-eabi/lib/armv6k/fpu\libsysbase.a(syscall_support.o)
                0x0000000000107808                __libc_lock_acquire_recursive
 .text.__libc_lock_release_recursive
                0x0000000000107824       0x1c c:/devkitpro/devkitarm/bin/../lib/gcc/arm-none-eabi/12.2.0/../../../../arm-none-eabi/lib/armv6k/fpu\libsysbase.a(syscall_support.o)
                0x0000000000107824                __libc_lock_release_recursive
 .text.strchr   0x0000000000107840      0x130 c:/devkitpro/devkitarm/bin/../lib/gcc/arm-none-eabi/12.2.0/../../../../arm-none-eabi/lib/armv6k/fpu\libg.a(lib_a-strchr.o)
                0x0000000000107840                strchr
 .text.strrchr  0x0000000000107970       0x48 c:/devkitpro/devkitarm/bin/../lib/gcc/arm-none-eabi/12.2.0/../../../../arm-none-eabi/lib/armv6k/fpu\libg.a(lib_a-strrchr.o)
                0x0000000000107970                strrchr
 *(.glue_7)
 .glue_7        0x00000000001079b8        0x0 linker stubs
 *(.glue_7t)
 .glue_7t       0x00000000001079b8        0x0 linker stubs
 *(.stub)
 *(.gnu.warning)
 *(.gnu.linkonce.t*)
                0x00000000001079b8                . = ALIGN (0x4)
 *(.fini)
 .fini          0x00000000001079b8        0xc c:/devkitpro/devkitarm/bin/../lib/gcc/arm-none-eabi/12.2.0/armv6k/fpu/crti.o
                0x00000000001079b8                _fini
 .fini          0x00000000001079c4        0xc c:/devkitpro/devkitarm/bin/../lib/gcc/arm-none-eabi/12.2.0/armv6k/fpu/crtn.o
                0x00000000001079d0                . = ALIGN (0x4)

.vfp11_veneer   0x00000000001079d0        0x0
 .vfp11_veneer  0x00000000001079d0        0x0 linker stubs

.v4_bx          0x00000000001079d0        0x0
 .v4_bx         0x00000000001079d0        0x0 linker stubs

.iplt           0x00000000001079d0        0x0
 .iplt          0x00000000001079d0        0x0 c:/devkitpro/devkitarm/bin/../lib/gcc/arm-none-eabi/12.2.0/../../../../arm-none-eabi/lib/armv6k/fpu/3dsx_crt0.o
                0x0000000000108000                . = ALIGN (0x1000)

.rodata         0x0000000000108000      0x2b0
 *(.rodata)
 .rodata        0x0000000000108000        0xc C:/devkitPro/libctru/lib\libctru.a(archive_dev.o)
 .rodata        0x000000000010800c        0x3 C:/devkitPro/libctru/lib\libctru.a(apt.o)
 *(.roda)
 *(.rodata.*)
 *fill*         0x000000000010800f        0x1 
 .rodata.__system_initArgv.str1.4
                0x0000000000108010        0xa C:/devkitPro/libctru/lib\libctru.a(initArgv.o)
 *fill*         0x000000000010801a        0x2 
 .rodata.srvInit.str1.4
                0x000000000010801c        0x5 C:/devkitPro/libctru/lib\libctru.a(srv.o)
 *fill*         0x0000000000108021        0x3 
 .rodata._archiveUnmountDeviceStruct.part.0.str1.4
                0x0000000000108024        0x2 C:/devkitPro/libctru/lib\libctru.a(archive_dev.o)
 *fill*         0x0000000000108026        0x2 
 .rodata._archiveMountDevice.str1.4
                0x0000000000108028        0x8 C:/devkitPro/libctru/lib\libctru.a(archive_dev.o)
                                          0xc (size before relaxing)
 .rodata.archiveMountSdmc.str1.4
                0x0000000000108030        0x5 C:/devkitPro/libctru/lib\libctru.a(archive_dev.o)
 *fill*         0x0000000000108035        0x3 
 .rodata.error_table
                0x0000000000108038       0x30 C:/devkitPro/libctru/lib\libctru.a(archive_dev.o)
 .rodata.str1.4
                0x0000000000108068        0x8 C:/devkitPro/libctru/lib\libctru.a(archive_dev.o)
 .rodata.archive_devoptab
                0x0000000000108070       0x70 C:/devkitPro/libctru/lib\libctru.a(archive_dev.o)
 .rodata.aptSendCommand.str1.4
                0x00000000001080e0       0x16 C:/devkitPro/libctru/lib\libctru.a(apt.o)
 *fill*         0x00000000001080f6        0x2 
 .rodata.s_sleepWakeEvents.4
                0x00000000001080f8        0x8 C:/devkitPro/libctru/lib\libctru.a(apt.o)
 .rodata.hidInit.str1.4
                0x0000000000108100       0x15 C:/devkitPro/libctru/lib\libctru.a(hid.o)
 *fill*         0x0000000000108115        0x3 
 .rodata.fsInit.str1.4
                0x0000000000108118        0x8 C:/devkitPro/libctru/lib\libctru.a(fs.o)
 .rodata.irrstInit.str1.4
                0x0000000000108120        0x7 C:/devkitPro/libctru/lib\libctru.a(irrst.o)
 *fill*         0x0000000000108127        0x1 
 .rodata.ptmSysmInit.str1.4
                0x0000000000108128        0x9 C:/devkitPro/libctru/lib\libctru.a(ptmsysm.o)
 *fill*         0x0000000000108131        0x3 
 .rodata._global_impure_ptr
                0x0000000000108134        0x4 c:/devkitpro/devkitarm/bin/../lib/gcc/arm-none-eabi/12.2.0/../../../../arm-none-eabi/lib/armv6k/fpu\libg.a(lib_a-impure.o)
                0x0000000000108134                _global_impure_ptr
 .rodata._ctype_
                0x0000000000108138      0x101 c:/devkitpro/devkitarm/bin/../lib/gcc/arm-none-eabi/12.2.0/../../../../arm-none-eabi/lib/armv6k/fpu\libg.a(lib_a-ctype_.o)
                0x0000000000108138                _ctype_
 .rodata.AddDevice.str1.4
                0x0000000000108239        0x8 c:/devkitpro/devkitarm/bin/../lib/gcc/arm-none-eabi/12.2.0/../../../../arm-none-eabi/lib/armv6k/fpu\libsysbase.a(iosupport.o)
 *fill*         0x0000000000108239        0x3 
 .rodata.dotab_stdnull
                0x000000000010823c       0x70 c:/devkitpro/devkitarm/bin/../lib/gcc/arm-none-eabi/12.2.0/../../../../arm-none-eabi/lib/armv6k/fpu\libsysbase.a(iosupport.o)
                0x000000000010823c                dotab_stdnull
 *all.rodata*(*)
 *(.gnu.linkonce.r*)
                0x00000000001082ac                . = ALIGN (0x4)
                0x00000000001082ac                __tdata_align = .
                0x00000000001082ac        0x4 LONG 0x1 ALIGNOF (.tdata)
                0x00000000001082b0                . = ALIGN (0x4)

.eh_frame       0x00000000001082b0        0x0
 .eh_frame      0x00000000001082b0        0x0 c:/devkitpro/devkitarm/bin/../lib/gcc/arm-none-eabi/12.2.0/armv6k/fpu/crtbegin.o

.rel.dyn        0x00000000001082b0        0x0
 .rel.iplt      0x00000000001082b0        0x0 c:/devkitpro/devkitarm/bin/../lib/gcc/arm-none-eabi/12.2.0/../../../../arm-none-eabi/lib/armv6k/fpu/3dsx_crt0.o
 .rel.got       0x00000000001082b0        0x0 c:/devkitpro/devkitarm/bin/../lib/gcc/arm-none-eabi/12.2.0/../../../../arm-none-eabi/lib/armv6k/fpu/3dsx_crt0.o

.ARM.extab
 *(.ARM.extab* .gnu.linkonce.armextab.*)
                0x00000000001082b0                __exidx_start = .

ARM.exidx
 *(.ARM.exidx* .gnu.linkonce.armexidx.*)
                0x00000000001082b0                __exidx_end = .
                0x0000000000109000                . = ALIGN (0x1000)

.data           0x0000000000109000      0xd08
 *(.data)
 *(.data.*)
 .data.__stacksize__
                0x0000000000109000        0x4 C:/devkitPro/libctru/lib\libctru.a(stack_adjust.o)
                0x0000000000109000                __stacksize__
 .data._impure_ptr
                0x0000000000109004        0x4 c:/devkitpro/devkitarm/bin/../lib/gcc/arm-none-eabi/12.2.0/../../../../arm-none-eabi/lib/armv6k/fpu\libg.a(lib_a-impure.o)
                0x0000000000109004                _impure_ptr
 .data.impure_data
                0x0000000000109008      0x460 c:/devkitpro/devkitarm/bin/../lib/gcc/arm-none-eabi/12.2.0/../../../../arm-none-eabi/lib/armv6k/fpu\libg.a(lib_a-impure.o)
 .data.__malloc_sbrk_base
                0x0000000000109468        0x4 c:/devkitpro/devkitarm/bin/../lib/gcc/arm-none-eabi/12.2.0/../../../../arm-none-eabi/lib/armv6k/fpu\libg.a(lib_a-mallocr.o)
                0x0000000000109468                __malloc_sbrk_base
 .data.__malloc_trim_threshold
                0x000000000010946c        0x4 c:/devkitpro/devkitarm/bin/../lib/gcc/arm-none-eabi/12.2.0/../../../../arm-none-eabi/lib/armv6k/fpu\libg.a(lib_a-mallocr.o)
                0x000000000010946c                __malloc_trim_threshold
 .data.__malloc_av_
                0x0000000000109470      0x408 c:/devkitpro/devkitarm/bin/../lib/gcc/arm-none-eabi/12.2.0/../../../../arm-none-eabi/lib/armv6k/fpu\libg.a(lib_a-mallocr.o)
                0x0000000000109470                __malloc_av_
 .data.devoptab_list
                0x0000000000109878       0x8c c:/devkitpro/devkitarm/bin/../lib/gcc/arm-none-eabi/12.2.0/../../../../arm-none-eabi/lib/armv6k/fpu\libsysbase.a(iosupport.o)
                0x0000000000109878                devoptab_list
 .data.defaultDevice
                0x0000000000109904        0x4 c:/devkitpro/devkitarm/bin/../lib/gcc/arm-none-eabi/12.2.0/../../../../arm-none-eabi/lib/armv6k/fpu\libsysbase.a(iosupport.o)
 .data._current_working_directory
                0x0000000000109908      0x400 c:/devkitpro/devkitarm/bin/../lib/gcc/arm-none-eabi/12.2.0/../../../../arm-none-eabi/lib/armv6k/fpu\libsysbase.a(chdir.o)
 *(.gnu.linkonce.d*)
                0x0000000000109d08                . = ALIGN (0x4)

.igot.plt       0x0000000000109d08        0x0
 .igot.plt      0x0000000000109d08        0x0 c:/devkitpro/devkitarm/bin/../lib/gcc/arm-none-eabi/12.2.0/../../../../arm-none-eabi/lib/armv6k/fpu/3dsx_crt0.o

.got            0x0000000000109d08        0x8
 .got           0x0000000000109d08        0x8 c:/devkitpro/devkitarm/bin/../lib/gcc/arm-none-eabi/12.2.0/../../../../arm-none-eabi/lib/armv6k/fpu/3dsx_crt0.o

.got.plt        0x0000000000109d10        0xc
 .got.plt       0x0000000000109d10        0xc c:/devkitpro/devkitarm/bin/../lib/gcc/arm-none-eabi/12.2.0/../../../../arm-none-eabi/lib/armv6k/fpu/3dsx_crt0.o
                0x0000000000109d10                _GLOBAL_OFFSET_TABLE_

.tdata          0x0000000000109d1c        0x0
                0x0000000000109d1c                __tdata_lma = .
 *(.tdata)
 *(.tdata.*)
 *(.gnu.linkonce.td.*)
                0x0000000000109d1c                . = ALIGN (0x4)
                0x0000000000109d1c                __tdata_lma_end = .

.tbss           0x0000000000109d1c      0xc08
 *(.tbss)
 *(.tbss.*)
 .tbss.__ctru_dev_utf16_buf
                0x0000000000109d1c      0x802 C:/devkitPro/libctru/lib\libctru.a(path_buf.o)
                0x0000000000109d1c                __ctru_dev_utf16_buf
 *fill*         0x000000000010a51e        0x2 
 .tbss.__ctru_dev_path_buf
                0x000000000010a520      0x401 C:/devkitPro/libctru/lib\libctru.a(path_buf.o)
                0x000000000010a520                __ctru_dev_path_buf
 *(.gnu.linkonce.tb.*)
 *(.tcommon)
                0x000000000010a924                . = ALIGN (0x4)
 *fill*         0x000000000010a921        0x3 

.preinit_array  0x0000000000109d1c        0x0
                0x0000000000109d1c                PROVIDE (__preinit_array_start = .)
 *(.preinit_array)
                0x0000000000109d1c                PROVIDE (__preinit_array_end = .)

.init_array     0x0000000000109d1c        0x4
                0x0000000000109d1c                PROVIDE (__init_array_start = .)
 *(SORT_BY_NAME(.init_array.*))
 *(.init_array)
 .init_array    0x0000000000109d1c        0x4 c:/devkitpro/devkitarm/bin/../lib/gcc/arm-none-eabi/12.2.0/armv6k/fpu/crtbegin.o
                0x0000000000109d20                PROVIDE (__init_array_end = .)

.fini_array     0x0000000000109d20        0x4
                0x0000000000109d20                PROVIDE (__fini_array_start = .)
 *(.fini_array)
 .fini_array    0x0000000000109d20        0x4 c:/devkitpro/devkitarm/bin/../lib/gcc/arm-none-eabi/12.2.0/armv6k/fpu/crtbegin.o
 *(SORT_BY_NAME(.fini_array.*))
                0x0000000000109d24                PROVIDE (__fini_array_end = .)

.ctors
 *crtbegin.o(.ctors)
 *(EXCLUDE_FILE(*crtend.o) .ctors)
 *(SORT_BY_NAME(.ctors.*))
 *(.ctors)

.dtors
 *crtbegin.o(.dtors)
 *(EXCLUDE_FILE(*crtend.o) .dtors)
 *(SORT_BY_NAME(.dtors.*))
 *(.dtors)
                0x0000000000109d24                __bss_start__ = .

.bss            0x0000000000109d24     0x2754
 *(.dynbss)
 *(.bss)
 *(.bss.*)
 .bss.completed.1
                0x0000000000109d24        0x1 c:/devkitpro/devkitarm/bin/../lib/gcc/arm-none-eabi/12.2.0/armv6k/fpu/crtbegin.o
 *fill*         0x0000000000109d25        0x3 
 .bss.object.0  0x0000000000109d28       0x18 c:/devkitpro/devkitarm/bin/../lib/gcc/arm-none-eabi/12.2.0/armv6k/fpu/crtbegin.o
 .bss.__system_argv
                0x0000000000109d40        0x4 C:/devkitPro/libctru/lib\libctru.a(initArgv.o)
                0x0000000000109d40                __system_argv
 .bss.__system_argc
                0x0000000000109d44        0x4 C:/devkitPro/libctru/lib\libctru.a(initArgv.o)
                0x0000000000109d44                __system_argc
 .bss.saved_stack.42
                0x0000000000109d48        0x8 C:/devkitPro/libctru/lib\libctru.a(stack_adjust.o)
 .bss.__3dslink_host
                0x0000000000109d50        0x4 C:/devkitPro/libctru/lib\libctru.a(3dslink.o)
                0x0000000000109d50                __3dslink_host
 .bss.__system_retAddr
                0x0000000000109d54        0x4 C:/devkitPro/libctru/lib\libctru.a(ctru_init.o)
                0x0000000000109d54                __system_retAddr
 .bss.arbiter   0x0000000000109d58        0x4 C:/devkitPro/libctru/lib\libctru.a(synchronization.o)
 .bss.srvRefCount
                0x0000000000109d5c        0x4 C:/devkitPro/libctru/lib\libctru.a(srv.o)
 .bss.srvHandle
                0x0000000000109d60        0x4 C:/devkitPro/libctru/lib\libctru.a(srv.o)
 *fill*         0x0000000000109d64        0x4 
 .bss.archive_devices
                0x0000000000109d68      0x540 C:/devkitPro/libctru/lib\libctru.a(archive_dev.o)
 .bss.archive_device_cwd
                0x000000000010a2a8        0x4 C:/devkitPro/libctru/lib\libctru.a(archive_dev.o)
 .bss.archive_initialized
                0x000000000010a2ac        0x1 C:/devkitPro/libctru/lib\libctru.a(archive_dev.o)
 .bss.flagValue.0
                0x000000000010a2ad        0x1 C:/devkitPro/libctru/lib\libctru.a(apt.o)
 .bss.flagInit.1
                0x000000000010a2ae        0x1 C:/devkitPro/libctru/lib\libctru.a(apt.o)
 *fill*         0x000000000010a2af        0x1 
 .bss.serviceName.6
                0x000000000010a2b0        0x4 C:/devkitPro/libctru/lib\libctru.a(apt.o)
 .bss.aptChainloadMediatype
                0x000000000010a2b4        0x1 C:/devkitPro/libctru/lib\libctru.a(apt.o)
 *fill*         0x000000000010a2b5        0x3 
 .bss.aptChainloadTid
                0x000000000010a2b8        0x8 C:/devkitPro/libctru/lib\libctru.a(apt.o)
 .bss.aptChainloadFlags
                0x000000000010a2c0        0x1 C:/devkitPro/libctru/lib\libctru.a(apt.o)
 *fill*         0x000000000010a2c1        0x3 
 .bss.aptParameters
                0x000000000010a2c4     0x1000 C:/devkitPro/libctru/lib\libctru.a(apt.o)
 .bss.aptFlags  0x000000000010b2c4        0x4 C:/devkitPro/libctru/lib\libctru.a(apt.o)
 .bss.aptHomeButtonState
                0x000000000010b2c8        0x1 C:/devkitPro/libctru/lib\libctru.a(apt.o)
 *fill*         0x000000000010b2c9        0x3 
 .bss.aptMessageFuncData
                0x000000000010b2cc        0x4 C:/devkitPro/libctru/lib\libctru.a(apt.o)
 .bss.aptMessageFunc
                0x000000000010b2d0        0x4 C:/devkitPro/libctru/lib\libctru.a(apt.o)
 .bss.aptFirstHook
                0x000000000010b2d4        0xc C:/devkitPro/libctru/lib\libctru.a(apt.o)
 .bss.aptEventHandlerThreadQuit
                0x000000000010b2e0        0x1 C:/devkitPro/libctru/lib\libctru.a(apt.o)
 *fill*         0x000000000010b2e1        0x3 
 .bss.aptEventHandlerThread
                0x000000000010b2e4        0x4 C:/devkitPro/libctru/lib\libctru.a(apt.o)
 .bss.aptSleepEvent
                0x000000000010b2e8        0x8 C:/devkitPro/libctru/lib\libctru.a(apt.o)
 .bss.aptReceiveEvent
                0x000000000010b2f0        0x8 C:/devkitPro/libctru/lib\libctru.a(apt.o)
 .bss.aptEvents
                0x000000000010b2f8        0x8 C:/devkitPro/libctru/lib\libctru.a(apt.o)
 .bss.aptLockHandle
                0x000000000010b300        0x4 C:/devkitPro/libctru/lib\libctru.a(apt.o)
 .bss.aptRefCount
                0x000000000010b304        0x4 C:/devkitPro/libctru/lib\libctru.a(apt.o)
 .bss.usingIrrst
                0x000000000010b308        0x1 C:/devkitPro/libctru/lib\libctru.a(hid.o)
 *fill*         0x000000000010b309        0x3 
 .bss.hidRefCount
                0x000000000010b30c        0x4 C:/devkitPro/libctru/lib\libctru.a(hid.o)
 .bss.kUp       0x000000000010b310        0x4 C:/devkitPro/libctru/lib\libctru.a(hid.o)
 .bss.kDown     0x000000000010b314        0x4 C:/devkitPro/libctru/lib\libctru.a(hid.o)
 .bss.kHeld     0x000000000010b318        0x4 C:/devkitPro/libctru/lib\libctru.a(hid.o)
 .bss.kOld      0x000000000010b31c        0x4 C:/devkitPro/libctru/lib\libctru.a(hid.o)
 .bss.hidSharedMem
                0x000000000010b320        0x4 C:/devkitPro/libctru/lib\libctru.a(hid.o)
                0x000000000010b320                hidSharedMem
 .bss.hidEvents
                0x000000000010b324       0x14 C:/devkitPro/libctru/lib\libctru.a(hid.o)
                0x000000000010b324                hidEvents
 .bss.hidMemHandle
                0x000000000010b338        0x4 C:/devkitPro/libctru/lib\libctru.a(hid.o)
                0x000000000010b338                hidMemHandle
 .bss.hidHandle
                0x000000000010b33c        0x4 C:/devkitPro/libctru/lib\libctru.a(hid.o)
                0x000000000010b33c                hidHandle
 .bss.srvPmHandle
                0x000000000010b340        0x4 C:/devkitPro/libctru/lib\libctru.a(srvpm.o)
 *fill*         0x000000000010b344        0x4 
 .bss.fsExemptArchives
                0x000000000010b348       0x80 C:/devkitPro/libctru/lib\libctru.a(fs.o)
 .bss.fsuRefCount
                0x000000000010b3c8        0x4 C:/devkitPro/libctru/lib\libctru.a(fs.o)
 .bss.fsuHandle
                0x000000000010b3cc        0x4 C:/devkitPro/libctru/lib\libctru.a(fs.o)
 .bss.__ctru_linear_heap_size
                0x000000000010b3d0        0x4 C:/devkitPro/libctru/lib\libctru.a(allocateHeaps.o)
                0x000000000010b3d0                __ctru_linear_heap_size
 .bss.__ctru_heap_size
                0x000000000010b3d4        0x4 C:/devkitPro/libctru/lib\libctru.a(allocateHeaps.o)
                0x000000000010b3d4                __ctru_heap_size
 .bss.__ctru_linear_heap
                0x000000000010b3d8        0x4 C:/devkitPro/libctru/lib\libctru.a(allocateHeaps.o)
                0x000000000010b3d8                __ctru_linear_heap
 .bss.__ctru_heap
                0x000000000010b3dc        0x4 C:/devkitPro/libctru/lib\libctru.a(allocateHeaps.o)
                0x000000000010b3dc                __ctru_heap
 .bss.__ctru_speedup
                0x000000000010b3e0        0x1 C:/devkitPro/libctru/lib\libctru.a(os.o)
                0x000000000010b3e0                __ctru_speedup
 *fill*         0x000000000010b3e1        0x3 
 .bss.currentAddr
                0x000000000010b3e4        0x4 C:/devkitPro/libctru/lib\libctru.a(mappable.o)
 .bss.maxAddr   0x000000000010b3e8        0x4 C:/devkitPro/libctru/lib\libctru.a(mappable.o)
 .bss.minAddr   0x000000000010b3ec        0x4 C:/devkitPro/libctru/lib\libctru.a(mappable.o)
 .bss.irrstRefCount
                0x000000000010b3f0        0x4 C:/devkitPro/libctru/lib\libctru.a(irrst.o)
 .bss.kHeld     0x000000000010b3f4        0x4 C:/devkitPro/libctru/lib\libctru.a(irrst.o)
 .bss.irrstSharedMem
                0x000000000010b3f8        0x4 C:/devkitPro/libctru/lib\libctru.a(irrst.o)
                0x000000000010b3f8                irrstSharedMem
 .bss.irrstEvent
                0x000000000010b3fc        0x4 C:/devkitPro/libctru/lib\libctru.a(irrst.o)
                0x000000000010b3fc                irrstEvent
 .bss.irrstMemHandle
                0x000000000010b400        0x4 C:/devkitPro/libctru/lib\libctru.a(irrst.o)
                0x000000000010b400                irrstMemHandle
 .bss.irrstHandle
                0x000000000010b404        0x4 C:/devkitPro/libctru/lib\libctru.a(irrst.o)
                0x000000000010b404                irrstHandle
 .bss.gspGpuRight
                0x000000000010b408        0x1 C:/devkitPro/libctru/lib\libctru.a(gspgpu.o)
 *fill*         0x000000000010b409        0x3 
 .bss.gspGpuHandle
                0x000000000010b40c        0x4 C:/devkitPro/libctru/lib\libctru.a(gspgpu.o)
 .bss.ptmSysmRefCount
                0x000000000010b410        0x4 C:/devkitPro/libctru/lib\libctru.a(ptmsysm.o)
 .bss.ptmSysmHandle
                0x000000000010b414        0x4 C:/devkitPro/libctru/lib\libctru.a(ptmsysm.o)
 .bss.__malloc_current_mallinfo
                0x000000000010b418       0x28 c:/devkitpro/devkitarm/bin/../lib/gcc/arm-none-eabi/12.2.0/../../../../arm-none-eabi/lib/armv6k/fpu\libg.a(lib_a-mallocr.o)
                0x000000000010b418                __malloc_current_mallinfo
 .bss.__malloc_max_total_mem
                0x000000000010b440        0x4 c:/devkitpro/devkitarm/bin/../lib/gcc/arm-none-eabi/12.2.0/../../../../arm-none-eabi/lib/armv6k/fpu\libg.a(lib_a-mallocr.o)
                0x000000000010b440                __malloc_max_total_mem
 .bss.__malloc_max_sbrked_mem
                0x000000000010b444        0x4 c:/devkitpro/devkitarm/bin/../lib/gcc/arm-none-eabi/12.2.0/../../../../arm-none-eabi/lib/armv6k/fpu\libg.a(lib_a-mallocr.o)
                0x000000000010b444                __malloc_max_sbrked_mem
 .bss.__malloc_top_pad
                0x000000000010b448        0x4 c:/devkitpro/devkitarm/bin/../lib/gcc/arm-none-eabi/12.2.0/../../../../arm-none-eabi/lib/armv6k/fpu\libg.a(lib_a-mallocr.o)
                0x000000000010b448                __malloc_top_pad
 .bss.__malloc_recursive_mutex
                0x000000000010b44c        0xc c:/devkitpro/devkitarm/bin/../lib/gcc/arm-none-eabi/12.2.0/../../../../arm-none-eabi/lib/armv6k/fpu\libg.a(lib_a-mlock.o)
 .bss.__atexit_recursive_mutex
                0x000000000010b458        0xc c:/devkitpro/devkitarm/bin/../lib/gcc/arm-none-eabi/12.2.0/../../../../arm-none-eabi/lib/armv6k/fpu\libg.a(lib_a-__call_atexit.o)
                0x000000000010b458                __atexit_recursive_mutex
 .bss.heap_start.0
                0x000000000010b464        0x4 c:/devkitpro/devkitarm/bin/../lib/gcc/arm-none-eabi/12.2.0/../../../../arm-none-eabi/lib/armv6k/fpu\libsysbase.a(sbrk.o)
 .bss.fake_heap_start
                0x000000000010b468        0x4 c:/devkitpro/devkitarm/bin/../lib/gcc/arm-none-eabi/12.2.0/../../../../arm-none-eabi/lib/armv6k/fpu\libsysbase.a(malloc_vars.o)
                0x000000000010b468                fake_heap_start
 .bss.fake_heap_end
                0x000000000010b46c        0x4 c:/devkitpro/devkitarm/bin/../lib/gcc/arm-none-eabi/12.2.0/../../../../arm-none-eabi/lib/armv6k/fpu\libsysbase.a(malloc_vars.o)
                0x000000000010b46c                fake_heap_end
 .bss.temp_cwd  0x000000000010b470      0x400 c:/devkitpro/devkitarm/bin/../lib/gcc/arm-none-eabi/12.2.0/../../../../arm-none-eabi/lib/armv6k/fpu\libsysbase.a(chdir.o)
 *(.gnu.linkonce.b*)
 *(COMMON)
                0x000000000010b870                . = (0x8 + ABSOLUTE (ALIGN (ABSOLUTE ((. - 0x8)), MAX (0x4, ALIGNOF (.tdata)))))
                0x000000000010b870                __tls_start = .
                0x000000000010c478                . = (. + (SIZEOF (.tdata) + SIZEOF (.tbss)))
 *fill*         0x000000000010b870      0xc08 
                0x000000000010c478                __tls_end = .
                0x000000000010c478                __bss_end__ = .
                0x000000000010c478                __end__ = ABSOLUTE (.)

/DISCARD/
 *(.group .comment .note)

.stab
 *(.stab)

.stabstr
 *(.stabstr)

.stab.excl
 *(.stab.excl)

.stab.exclstr
 *(.stab.exclstr)

.stab.index
 *(.stab.index)

.stab.indexstr
 *(.stab.indexstr)

.debug
 *(.debug)

.line
 *(.line)

.debug_srcinfo
 *(.debug_srcinfo)

.debug_sfnames
 *(.debug_sfnames)

.debug_aranges  0x0000000000000000     0x1300
 *(.debug_aranges)
 .debug_aranges
                0x0000000000000000       0x20 C:/devkitPro/libctru/lib\libctru.a(initArgv.o)
 .debug_aranges
                0x0000000000000020       0x28 C:/devkitPro/libctru/lib\libctru.a(stack_adjust.o)
 .debug_aranges
                0x0000000000000048       0x20 C:/devkitPro/libctru/lib\libctru.a(3dslink.o)
 .debug_aranges
                0x0000000000000068       0x20 C:/devkitPro/libctru/lib\libctru.a(appInit.o)
 .debug_aranges
                0x0000000000000088       0x20 C:/devkitPro/libctru/lib\libctru.a(appExit.o)
 .debug_aranges
                0x00000000000000a8       0x20 C:/devkitPro/libctru/lib\libctru.a(ctru_init.o)
 .debug_aranges
                0x00000000000000c8       0x20 C:/devkitPro/libctru/lib\libctru.a(ctru_exit.o)
 .debug_aranges
                0x00000000000000e8      0x330 C:/devkitPro/libctru/lib\libctru.a(svc.o)
 .debug_aranges
                0x0000000000000418       0xf0 C:/devkitPro/libctru/lib\libctru.a(synchronization.o)
 .debug_aranges
                0x0000000000000508       0x28 C:/devkitPro/libctru/lib\libctru.a(env.o)
 .debug_aranges
                0x0000000000000530       0xc0 C:/devkitPro/libctru/lib\libctru.a(srv.o)
 .debug_aranges
                0x00000000000005f0      0x140 C:/devkitPro/libctru/lib\libctru.a(archive_dev.o)
 .debug_aranges
                0x0000000000000730      0x258 C:/devkitPro/libctru/lib\libctru.a(apt.o)
 .debug_aranges
                0x0000000000000988       0xd0 C:/devkitPro/libctru/lib\libctru.a(hid.o)
 .debug_aranges
                0x0000000000000a58       0x50 C:/devkitPro/libctru/lib\libctru.a(srvpm.o)
 .debug_aranges
                0x0000000000000aa8      0x3b8 C:/devkitPro/libctru/lib\libctru.a(fs.o)
 .debug_aranges
                0x0000000000000e60       0x20 C:/devkitPro/libctru/lib\libctru.a(utf16_to_utf8.o)
 .debug_aranges
                0x0000000000000e80       0x20 C:/devkitPro/libctru/lib\libctru.a(decode_utf16.o)
 .debug_aranges
                0x0000000000000ea0       0x20 C:/devkitPro/libctru/lib\libctru.a(decode_utf8.o)
 .debug_aranges
                0x0000000000000ec0       0x20 C:/devkitPro/libctru/lib\libctru.a(utf8_to_utf16.o)
 .debug_aranges
                0x0000000000000ee0       0x88 C:/devkitPro/libctru/lib\libctru.a(syscalls.o)
 .debug_aranges
                0x0000000000000f68       0x20 C:/devkitPro/libctru/lib\libctru.a(allocateHeaps.o)
 .debug_aranges
                0x0000000000000f88       0x20 C:/devkitPro/libctru/lib\libctru.a(readtp.o)
 .debug_aranges
                0x0000000000000fa8       0x58 C:/devkitPro/libctru/lib\libctru.a(os.o)
 .debug_aranges
                0x0000000000001000       0x18 C:/devkitPro/libctru/lib\libctru.a(path_buf.o)
 .debug_aranges
                0x0000000000001018       0x60 C:/devkitPro/libctru/lib\libctru.a(thread.o)
 .debug_aranges
                0x0000000000001078       0x38 C:/devkitPro/libctru/lib\libctru.a(mappable.o)
 .debug_aranges
                0x00000000000010b0       0x68 C:/devkitPro/libctru/lib\libctru.a(irrst.o)
 .debug_aranges
                0x0000000000001118      0x108 C:/devkitPro/libctru/lib\libctru.a(gspgpu.o)
 .debug_aranges
                0x0000000000001220       0xa0 C:/devkitPro/libctru/lib\libctru.a(ptmsysm.o)
 .debug_aranges
                0x00000000000012c0       0x20 C:/devkitPro/libctru/lib\libctru.a(encode_utf16.o)
 .debug_aranges
                0x00000000000012e0       0x20 C:/devkitPro/libctru/lib\libctru.a(encode_utf8.o)

.debug_pubnames
 *(.debug_pubnames)

.debug_info     0x0000000000000000    0x24dbb
 *(.debug_info)
 .debug_info    0x0000000000000000      0x2bc C:/devkitPro/libctru/lib\libctru.a(initArgv.o)
 .debug_info    0x00000000000002bc       0x23 C:/devkitPro/libctru/lib\libctru.a(stack_adjust.o)
 .debug_info    0x00000000000002df      0xbdd C:/devkitPro/libctru/lib\libctru.a(3dslink.o)
 .debug_info    0x0000000000000ebc      0x148 C:/devkitPro/libctru/lib\libctru.a(appInit.o)
 .debug_info    0x0000000000001004      0x13d C:/devkitPro/libctru/lib\libctru.a(appExit.o)
 .debug_info    0x0000000000001141      0x185 C:/devkitPro/libctru/lib\libctru.a(ctru_init.o)
 .debug_info    0x00000000000012c6      0x2bd C:/devkitPro/libctru/lib\libctru.a(ctru_exit.o)
 .debug_info    0x0000000000001583       0x23 C:/devkitPro/libctru/lib\libctru.a(svc.o)
 .debug_info    0x00000000000015a6     0x2868 C:/devkitPro/libctru/lib\libctru.a(synchronization.o)
 .debug_info    0x0000000000003e0e      0x2a9 C:/devkitPro/libctru/lib\libctru.a(env.o)
 .debug_info    0x00000000000040b7     0x1c7a C:/devkitPro/libctru/lib\libctru.a(srv.o)
 .debug_info    0x0000000000005d31     0x4251 C:/devkitPro/libctru/lib\libctru.a(archive_dev.o)
 .debug_info    0x0000000000009f82     0x5336 C:/devkitPro/libctru/lib\libctru.a(apt.o)
 .debug_info    0x000000000000f2b8     0x13cb C:/devkitPro/libctru/lib\libctru.a(hid.o)
 .debug_info    0x0000000000010683      0x872 C:/devkitPro/libctru/lib\libctru.a(srvpm.o)
 .debug_info    0x0000000000010ef5     0x9076 C:/devkitPro/libctru/lib\libctru.a(fs.o)
 .debug_info    0x0000000000019f6b      0x205 C:/devkitPro/libctru/lib\libctru.a(utf16_to_utf8.o)
 .debug_info    0x000000000001a170      0x134 C:/devkitPro/libctru/lib\libctru.a(decode_utf16.o)
 .debug_info    0x000000000001a2a4      0x158 C:/devkitPro/libctru/lib\libctru.a(decode_utf8.o)
 .debug_info    0x000000000001a3fc      0x205 C:/devkitPro/libctru/lib\libctru.a(utf8_to_utf16.o)
 .debug_info    0x000000000001a601     0x11e0 C:/devkitPro/libctru/lib\libctru.a(syscalls.o)
 .debug_info    0x000000000001b7e1      0x529 C:/devkitPro/libctru/lib\libctru.a(allocateHeaps.o)
 .debug_info    0x000000000001bd0a       0x24 C:/devkitPro/libctru/lib\libctru.a(readtp.o)
 .debug_info    0x000000000001bd2e      0x6cc C:/devkitPro/libctru/lib\libctru.a(os.o)
 .debug_info    0x000000000001c3fa       0xd7 C:/devkitPro/libctru/lib\libctru.a(path_buf.o)
 .debug_info    0x000000000001c4d1     0x1190 C:/devkitPro/libctru/lib\libctru.a(thread.o)
 .debug_info    0x000000000001d661      0x36d C:/devkitPro/libctru/lib\libctru.a(mappable.o)
 .debug_info    0x000000000001d9ce      0xb04 C:/devkitPro/libctru/lib\libctru.a(irrst.o)
 .debug_info    0x000000000001e4d2     0x5bd1 C:/devkitPro/libctru/lib\libctru.a(gspgpu.o)
 .debug_info    0x00000000000240a3      0xb06 C:/devkitPro/libctru/lib\libctru.a(ptmsysm.o)
 .debug_info    0x0000000000024ba9      0x109 C:/devkitPro/libctru/lib\libctru.a(encode_utf16.o)
 .debug_info    0x0000000000024cb2      0x109 C:/devkitPro/libctru/lib\libctru.a(encode_utf8.o)

.debug_abbrev   0x0000000000000000     0x4f0d
 *(.debug_abbrev)
 .debug_abbrev  0x0000000000000000      0x198 C:/devkitPro/libctru/lib\libctru.a(initArgv.o)
 .debug_abbrev  0x0000000000000198       0x12 C:/devkitPro/libctru/lib\libctru.a(stack_adjust.o)
 .debug_abbrev  0x00000000000001aa      0x28c C:/devkitPro/libctru/lib\libctru.a(3dslink.o)
 .debug_abbrev  0x0000000000000436       0x93 C:/devkitPro/libctru/lib\libctru.a(appInit.o)
 .debug_abbrev  0x00000000000004c9       0x9e C:/devkitPro/libctru/lib\libctru.a(appExit.o)
 .debug_abbrev  0x0000000000000567      0x129 C:/devkitPro/libctru/lib\libctru.a(ctru_init.o)
 .debug_abbrev  0x0000000000000690      0x15f C:/devkitPro/libctru/lib\libctru.a(ctru_exit.o)
 .debug_abbrev  0x00000000000007ef       0x12 C:/devkitPro/libctru/lib\libctru.a(svc.o)
 .debug_abbrev  0x0000000000000801      0x507 C:/devkitPro/libctru/lib\libctru.a(synchronization.o)
 .debug_abbrev  0x0000000000000d08      0x1bf C:/devkitPro/libctru/lib\libctru.a(env.o)
 .debug_abbrev  0x0000000000000ec7      0x522 C:/devkitPro/libctru/lib\libctru.a(srv.o)
 .debug_abbrev  0x00000000000013e9      0x673 C:/devkitPro/libctru/lib\libctru.a(archive_dev.o)
 .debug_abbrev  0x0000000000001a5c      0x75b C:/devkitPro/libctru/lib\libctru.a(apt.o)
 .debug_abbrev  0x00000000000021b7      0x516 C:/devkitPro/libctru/lib\libctru.a(hid.o)
 .debug_abbrev  0x00000000000026cd      0x2f1 C:/devkitPro/libctru/lib\libctru.a(srvpm.o)
 .debug_abbrev  0x00000000000029be      0x62e C:/devkitPro/libctru/lib\libctru.a(fs.o)
 .debug_abbrev  0x0000000000002fec      0x104 C:/devkitPro/libctru/lib\libctru.a(utf16_to_utf8.o)
 .debug_abbrev  0x00000000000030f0       0x93 C:/devkitPro/libctru/lib\libctru.a(decode_utf16.o)
 .debug_abbrev  0x0000000000003183       0x93 C:/devkitPro/libctru/lib\libctru.a(decode_utf8.o)
 .debug_abbrev  0x0000000000003216      0x104 C:/devkitPro/libctru/lib\libctru.a(utf8_to_utf16.o)
 .debug_abbrev  0x000000000000331a      0x423 C:/devkitPro/libctru/lib\libctru.a(syscalls.o)
 .debug_abbrev  0x000000000000373d      0x193 C:/devkitPro/libctru/lib\libctru.a(allocateHeaps.o)
 .debug_abbrev  0x00000000000038d0       0x14 C:/devkitPro/libctru/lib\libctru.a(readtp.o)
 .debug_abbrev  0x00000000000038e4      0x2b2 C:/devkitPro/libctru/lib\libctru.a(os.o)
 .debug_abbrev  0x0000000000003b96       0x6f C:/devkitPro/libctru/lib\libctru.a(path_buf.o)
 .debug_abbrev  0x0000000000003c05      0x476 C:/devkitPro/libctru/lib\libctru.a(thread.o)
 .debug_abbrev  0x000000000000407b      0x1d3 C:/devkitPro/libctru/lib\libctru.a(mappable.o)
 .debug_abbrev  0x000000000000424e      0x38b C:/devkitPro/libctru/lib\libctru.a(irrst.o)
 .debug_abbrev  0x00000000000045d9      0x5fd C:/devkitPro/libctru/lib\libctru.a(gspgpu.o)
 .debug_abbrev  0x0000000000004bd6      0x24f C:/devkitPro/libctru/lib\libctru.a(ptmsysm.o)
 .debug_abbrev  0x0000000000004e25       0x74 C:/devkitPro/libctru/lib\libctru.a(encode_utf16.o)
 .debug_abbrev  0x0000000000004e99       0x74 C:/devkitPro/libctru/lib\libctru.a(encode_utf8.o)

.debug_line     0x0000000000000000    0x1652d
 *(.debug_line)
 .debug_line    0x0000000000000000      0x3f0 C:/devkitPro/libctru/lib\libctru.a(initArgv.o)
 .debug_line    0x00000000000003f0       0x70 C:/devkitPro/libctru/lib\libctru.a(stack_adjust.o)
 .debug_line    0x0000000000000460      0x3e3 C:/devkitPro/libctru/lib\libctru.a(3dslink.o)
 .debug_line    0x0000000000000843      0x21a C:/devkitPro/libctru/lib\libctru.a(appInit.o)
 .debug_line    0x0000000000000a5d      0x219 C:/devkitPro/libctru/lib\libctru.a(appExit.o)
 .debug_line    0x0000000000000c76      0x1a9 C:/devkitPro/libctru/lib\libctru.a(ctru_init.o)
 .debug_line    0x0000000000000e1f      0x1ab C:/devkitPro/libctru/lib\libctru.a(ctru_exit.o)
 .debug_line    0x0000000000000fca      0x78f C:/devkitPro/libctru/lib\libctru.a(svc.o)
 .debug_line    0x0000000000001759     0x1659 C:/devkitPro/libctru/lib\libctru.a(synchronization.o)
 .debug_line    0x0000000000002db2      0x23b C:/devkitPro/libctru/lib\libctru.a(env.o)
 .debug_line    0x0000000000002fed      0xf21 C:/devkitPro/libctru/lib\libctru.a(srv.o)
 .debug_line    0x0000000000003f0e     0x1b82 C:/devkitPro/libctru/lib\libctru.a(archive_dev.o)
 .debug_line    0x0000000000005a90     0x31a9 C:/devkitPro/libctru/lib\libctru.a(apt.o)
 .debug_line    0x0000000000008c39      0xd7b C:/devkitPro/libctru/lib\libctru.a(hid.o)
 .debug_line    0x00000000000099b4      0x60b C:/devkitPro/libctru/lib\libctru.a(srvpm.o)
 .debug_line    0x0000000000009fbf     0x613d C:/devkitPro/libctru/lib\libctru.a(fs.o)
 .debug_line    0x00000000000100fc      0x2b9 C:/devkitPro/libctru/lib\libctru.a(utf16_to_utf8.o)
 .debug_line    0x00000000000103b5      0x192 C:/devkitPro/libctru/lib\libctru.a(decode_utf16.o)
 .debug_line    0x0000000000010547      0x271 C:/devkitPro/libctru/lib\libctru.a(decode_utf8.o)
 .debug_line    0x00000000000107b8      0x28c C:/devkitPro/libctru/lib\libctru.a(utf8_to_utf16.o)
 .debug_line    0x0000000000010a44      0x5c7 C:/devkitPro/libctru/lib\libctru.a(syscalls.o)
 .debug_line    0x000000000001100b      0x331 C:/devkitPro/libctru/lib\libctru.a(allocateHeaps.o)
 .debug_line    0x000000000001133c       0x49 C:/devkitPro/libctru/lib\libctru.a(readtp.o)
 .debug_line    0x0000000000011385      0x4a5 C:/devkitPro/libctru/lib\libctru.a(os.o)
 .debug_line    0x000000000001182a      0x10d C:/devkitPro/libctru/lib\libctru.a(path_buf.o)
 .debug_line    0x0000000000011937      0x59a C:/devkitPro/libctru/lib\libctru.a(thread.o)
 .debug_line    0x0000000000011ed1      0x2ca C:/devkitPro/libctru/lib\libctru.a(mappable.o)
 .debug_line    0x000000000001219b      0x7ec C:/devkitPro/libctru/lib\libctru.a(irrst.o)
 .debug_line    0x0000000000012987     0x2f16 C:/devkitPro/libctru/lib\libctru.a(gspgpu.o)
 .debug_line    0x000000000001589d      0x8fe C:/devkitPro/libctru/lib\libctru.a(ptmsysm.o)
 .debug_line    0x000000000001619b      0x180 C:/devkitPro/libctru/lib\libctru.a(encode_utf16.o)
 .debug_line    0x000000000001631b      0x212 C:/devkitPro/libctru/lib\libctru.a(encode_utf8.o)

.debug_frame    0x0000000000000000     0x3590
 *(.debug_frame)
 .debug_frame   0x0000000000000000       0x34 C:/devkitPro/libctru/lib\libctru.a(initArgv.o)
 .debug_frame   0x0000000000000034       0x30 C:/devkitPro/libctru/lib\libctru.a(stack_adjust.o)
 .debug_frame   0x0000000000000064       0x34 C:/devkitPro/libctru/lib\libctru.a(3dslink.o)
 .debug_frame   0x0000000000000098       0x28 C:/devkitPro/libctru/lib\libctru.a(appInit.o)
 .debug_frame   0x00000000000000c0       0x2c C:/devkitPro/libctru/lib\libctru.a(appExit.o)
 .debug_frame   0x00000000000000ec       0x2c C:/devkitPro/libctru/lib\libctru.a(ctru_init.o)
 .debug_frame   0x0000000000000118       0x28 C:/devkitPro/libctru/lib\libctru.a(ctru_exit.o)
 .debug_frame   0x0000000000000140      0x640 C:/devkitPro/libctru/lib\libctru.a(svc.o)
 .debug_frame   0x0000000000000780      0x2c4 C:/devkitPro/libctru/lib\libctru.a(synchronization.o)
 .debug_frame   0x0000000000000a44       0x4c C:/devkitPro/libctru/lib\libctru.a(env.o)
 .debug_frame   0x0000000000000a90      0x258 C:/devkitPro/libctru/lib\libctru.a(srv.o)
 .debug_frame   0x0000000000000ce8      0x528 C:/devkitPro/libctru/lib\libctru.a(archive_dev.o)
 .debug_frame   0x0000000000001210      0x8ec C:/devkitPro/libctru/lib\libctru.a(apt.o)
 .debug_frame   0x0000000000001afc      0x258 C:/devkitPro/libctru/lib\libctru.a(hid.o)
 .debug_frame   0x0000000000001d54       0xb0 C:/devkitPro/libctru/lib\libctru.a(srvpm.o)
 .debug_frame   0x0000000000001e04      0xce8 C:/devkitPro/libctru/lib\libctru.a(fs.o)
 .debug_frame   0x0000000000002aec       0x3c C:/devkitPro/libctru/lib\libctru.a(utf16_to_utf8.o)
 .debug_frame   0x0000000000002b28       0x28 C:/devkitPro/libctru/lib\libctru.a(decode_utf16.o)
 .debug_frame   0x0000000000002b50       0x30 C:/devkitPro/libctru/lib\libctru.a(decode_utf8.o)
 .debug_frame   0x0000000000002b80       0x3c C:/devkitPro/libctru/lib\libctru.a(utf8_to_utf16.o)
 .debug_frame   0x0000000000002bbc      0x118 C:/devkitPro/libctru/lib\libctru.a(syscalls.o)
 .debug_frame   0x0000000000002cd4       0x38 C:/devkitPro/libctru/lib\libctru.a(allocateHeaps.o)
 .debug_frame   0x0000000000002d0c       0x20 C:/devkitPro/libctru/lib\libctru.a(readtp.o)
 .debug_frame   0x0000000000002d2c       0xd0 C:/devkitPro/libctru/lib\libctru.a(os.o)
 .debug_frame   0x0000000000002dfc       0xf0 C:/devkitPro/libctru/lib\libctru.a(thread.o)
 .debug_frame   0x0000000000002eec       0x70 C:/devkitPro/libctru/lib\libctru.a(mappable.o)
 .debug_frame   0x0000000000002f5c      0x104 C:/devkitPro/libctru/lib\libctru.a(irrst.o)
 .debug_frame   0x0000000000003060      0x34c C:/devkitPro/libctru/lib\libctru.a(gspgpu.o)
 .debug_frame   0x00000000000033ac      0x1a4 C:/devkitPro/libctru/lib\libctru.a(ptmsysm.o)
 .debug_frame   0x0000000000003550       0x20 C:/devkitPro/libctru/lib\libctru.a(encode_utf16.o)
 .debug_frame   0x0000000000003570       0x20 C:/devkitPro/libctru/lib\libctru.a(encode_utf8.o)

.debug_str      0x0000000000000000     0x67c9
 *(.debug_str)
 .debug_str     0x0000000000000000      0x271 C:/devkitPro/libctru/lib\libctru.a(initArgv.o)
                                        0x2d8 (size before relaxing)
 .debug_str     0x0000000000000271       0x6b C:/devkitPro/libctru/lib\libctru.a(stack_adjust.o)
                                         0xb5 (size before relaxing)
 .debug_str     0x00000000000002dc      0x4f6 C:/devkitPro/libctru/lib\libctru.a(3dslink.o)
                                        0x720 (size before relaxing)
 .debug_str     0x00000000000007d2       0xa7 C:/devkitPro/libctru/lib\libctru.a(appInit.o)
                                        0x24a (size before relaxing)
 .debug_str     0x0000000000000879       0xa1 C:/devkitPro/libctru/lib\libctru.a(appExit.o)
                                        0x24b (size before relaxing)
 .debug_str     0x000000000000091a       0xd1 C:/devkitPro/libctru/lib\libctru.a(ctru_init.o)
                                        0x295 (size before relaxing)
 .debug_str     0x00000000000009eb      0x223 C:/devkitPro/libctru/lib\libctru.a(ctru_exit.o)
                                        0x3ec (size before relaxing)
 .debug_str     0x0000000000000c0e       0x4f C:/devkitPro/libctru/lib\libctru.a(svc.o)
                                         0xa5 (size before relaxing)
 .debug_str     0x0000000000000c5d      0x703 C:/devkitPro/libctru/lib\libctru.a(synchronization.o)
                                        0x965 (size before relaxing)
 .debug_str     0x0000000000001360       0x8c C:/devkitPro/libctru/lib\libctru.a(env.o)
                                        0x286 (size before relaxing)
 .debug_str     0x00000000000013ec      0x4eb C:/devkitPro/libctru/lib\libctru.a(srv.o)
                                        0xb70 (size before relaxing)
 .debug_str     0x00000000000018d7      0xd91 C:/devkitPro/libctru/lib\libctru.a(archive_dev.o)
                                       0x16cd (size before relaxing)
 .debug_str     0x0000000000002668     0x148a C:/devkitPro/libctru/lib\libctru.a(apt.o)
                                       0x1a72 (size before relaxing)
 .debug_str     0x0000000000003af2      0x536 C:/devkitPro/libctru/lib\libctru.a(hid.o)
                                        0x91e (size before relaxing)
 .debug_str     0x0000000000004028      0x112 C:/devkitPro/libctru/lib\libctru.a(srvpm.o)
                                        0x562 (size before relaxing)
 .debug_str     0x000000000000413a     0x106c C:/devkitPro/libctru/lib\libctru.a(fs.o)
                                       0x1dac (size before relaxing)
 .debug_str     0x00000000000051a6       0x83 C:/devkitPro/libctru/lib\libctru.a(utf16_to_utf8.o)
                                        0x279 (size before relaxing)
 .debug_str     0x0000000000005229       0x6d C:/devkitPro/libctru/lib\libctru.a(decode_utf16.o)
                                        0x231 (size before relaxing)
 .debug_str     0x0000000000005296       0x6c C:/devkitPro/libctru/lib\libctru.a(decode_utf8.o)
                                        0x239 (size before relaxing)
 .debug_str     0x0000000000005302       0x6f C:/devkitPro/libctru/lib\libctru.a(utf8_to_utf16.o)
                                        0x279 (size before relaxing)
 .debug_str     0x0000000000005371      0x28f C:/devkitPro/libctru/lib\libctru.a(syscalls.o)
                                        0xa74 (size before relaxing)
 .debug_str     0x0000000000005600      0x1d7 C:/devkitPro/libctru/lib\libctru.a(allocateHeaps.o)
                                        0x5d6 (size before relaxing)
 .debug_str     0x00000000000057d7       0x59 C:/devkitPro/libctru/lib\libctru.a(readtp.o)
                                         0xaf (size before relaxing)
 .debug_str     0x0000000000005830      0x31d C:/devkitPro/libctru/lib\libctru.a(os.o)
                                        0x57a (size before relaxing)
 .debug_str     0x0000000000005b4d       0x54 C:/devkitPro/libctru/lib\libctru.a(path_buf.o)
                                        0x20f (size before relaxing)
 .debug_str     0x0000000000005ba1      0x145 C:/devkitPro/libctru/lib\libctru.a(thread.o)
                                        0x91a (size before relaxing)
 .debug_str     0x0000000000005ce6      0x19c C:/devkitPro/libctru/lib\libctru.a(mappable.o)
                                        0x3a4 (size before relaxing)
 .debug_str     0x0000000000005e82      0x120 C:/devkitPro/libctru/lib\libctru.a(irrst.o)
                                        0x577 (size before relaxing)
 .debug_str     0x0000000000005fa2      0x53f C:/devkitPro/libctru/lib\libctru.a(gspgpu.o)
                                        0xc4d (size before relaxing)
 .debug_str     0x00000000000064e1      0x227 C:/devkitPro/libctru/lib\libctru.a(ptmsysm.o)
                                        0x570 (size before relaxing)
 .debug_str     0x0000000000006708       0x61 C:/devkitPro/libctru/lib\libctru.a(encode_utf16.o)
                                        0x225 (size before relaxing)
 .debug_str     0x0000000000006769       0x60 C:/devkitPro/libctru/lib\libctru.a(encode_utf8.o)
                                        0x221 (size before relaxing)

.debug_loc
 *(.debug_loc)

.debug_macinfo
 *(.debug_macinfo)
LOAD c:/devkitpro/devkitarm/bin/../lib/gcc/arm-none-eabi/12.2.0/../../../../arm-none-eabi/lib/armv6k/fpu/3dsx_crt0.o
LOAD c:/devkitpro/devkitarm/bin/../lib/gcc/arm-none-eabi/12.2.0/armv6k/fpu/crti.o
LOAD c:/devkitpro/devkitarm/bin/../lib/gcc/arm-none-eabi/12.2.0/armv6k/fpu/crtbegin.o
LOAD collisions.o
LOAD lineList.o
LOAD main.o
LOAD C:/devkitPro/libctru/lib\libcitro2d.a
LOAD C:/devkitPro/libctru/lib\libcitro3d.a
LOAD C:/devkitPro/libctru/lib\libctru.a
LOAD c:/devkitpro/devkitarm/bin/../lib/gcc/arm-none-eabi/12.2.0/../../../../arm-none-eabi/lib/armv6k/fpu\libstdc++.a
LOAD c:/devkitpro/devkitarm/bin/../lib/gcc/arm-none-eabi/12.2.0/../../../../arm-none-eabi/lib/armv6k/fpu\libm.a
START GROUP
LOAD c:/devkitpro/devkitarm/bin/../lib/gcc/arm-none-eabi/12.2.0/armv6k/fpu\libgcc.a
LOAD c:/devkitpro/devkitarm/bin/../lib/gcc/arm-none-eabi/12.2.0/../../../../arm-none-eabi/lib/armv6k/fpu\libg.a
LOAD c:/devkitpro/devkitarm/bin/../lib/gcc/arm-none-eabi/12.2.0/../../../../arm-none-eabi/lib/armv6k/fpu\libc.a
LOAD c:/devkitpro/devkitarm/bin/../lib/gcc/arm-none-eabi/12.2.0/../../../../arm-none-eabi/lib/armv6k/fpu\libsysbase.a
END GROUP
LOAD c:/devkitpro/devkitarm/bin/../lib/gcc/arm-none-eabi/12.2.0/armv6k/fpu/crtend.o
LOAD c:/devkitpro/devkitarm/bin/../lib/gcc/arm-none-eabi/12.2.0/armv6k/fpu/crtn.o
OUTPUT(C:/Users/Hail/Documents/GitHub/line_game/3ds/3ds.elf elf32-littlearm)
LOAD linker stubs

.ARM.attributes
                0x0000000000000000       0x30
 .ARM.attributes
                0x0000000000000000       0x1e c:/devkitpro/devkitarm/bin/../lib/gcc/arm-none-eabi/12.2.0/../../../../arm-none-eabi/lib/armv6k/fpu/3dsx_crt0.o
 .ARM.attributes
                0x000000000000001e       0x1c c:/devkitpro/devkitarm/bin/../lib/gcc/arm-none-eabi/12.2.0/armv6k/fpu/crti.o
 .ARM.attributes
                0x000000000000003a       0x30 c:/devkitpro/devkitarm/bin/../lib/gcc/arm-none-eabi/12.2.0/armv6k/fpu/crtbegin.o
 .ARM.attributes
                0x000000000000006a       0x30 C:/devkitPro/libctru/lib\libctru.a(initArgv.o)
 .ARM.attributes
                0x000000000000009a       0x1a C:/devkitPro/libctru/lib\libctru.a(stack_adjust.o)
 .ARM.attributes
                0x00000000000000b4       0x30 C:/devkitPro/libctru/lib\libctru.a(3dslink.o)
 .ARM.attributes
                0x00000000000000e4       0x30 C:/devkitPro/libctru/lib\libctru.a(appInit.o)
 .ARM.attributes
                0x0000000000000114       0x30 C:/devkitPro/libctru/lib\libctru.a(appExit.o)
 .ARM.attributes
                0x0000000000000144       0x30 C:/devkitPro/libctru/lib\libctru.a(ctru_init.o)
 .ARM.attributes
                0x0000000000000174       0x30 C:/devkitPro/libctru/lib\libctru.a(ctru_exit.o)
 .ARM.attributes
                0x00000000000001a4       0x1a C:/devkitPro/libctru/lib\libctru.a(svc.o)
 .ARM.attributes
                0x00000000000001be       0x30 C:/devkitPro/libctru/lib\libctru.a(synchronization.o)
 .ARM.attributes
                0x00000000000001ee       0x30 C:/devkitPro/libctru/lib\libctru.a(env.o)
 .ARM.attributes
                0x000000000000021e       0x30 C:/devkitPro/libctru/lib\libctru.a(srv.o)
 .ARM.attributes
                0x000000000000024e       0x30 C:/devkitPro/libctru/lib\libctru.a(archive_dev.o)
 .ARM.attributes
                0x000000000000027e       0x30 C:/devkitPro/libctru/lib\libctru.a(apt.o)
 .ARM.attributes
                0x00000000000002ae       0x30 C:/devkitPro/libctru/lib\libctru.a(hid.o)
 .ARM.attributes
                0x00000000000002de       0x30 C:/devkitPro/libctru/lib\libctru.a(srvpm.o)
 .ARM.attributes
                0x000000000000030e       0x30 C:/devkitPro/libctru/lib\libctru.a(fs.o)
 .ARM.attributes
                0x000000000000033e       0x30 C:/devkitPro/libctru/lib\libctru.a(utf16_to_utf8.o)
 .ARM.attributes
                0x000000000000036e       0x30 C:/devkitPro/libctru/lib\libctru.a(decode_utf16.o)
 .ARM.attributes
                0x000000000000039e       0x30 C:/devkitPro/libctru/lib\libctru.a(decode_utf8.o)
 .ARM.attributes
                0x00000000000003ce       0x30 C:/devkitPro/libctru/lib\libctru.a(utf8_to_utf16.o)
 .ARM.attributes
                0x00000000000003fe       0x30 C:/devkitPro/libctru/lib\libctru.a(syscalls.o)
 .ARM.attributes
                0x000000000000042e       0x30 C:/devkitPro/libctru/lib\libctru.a(allocateHeaps.o)
 .ARM.attributes
                0x000000000000045e       0x1a C:/devkitPro/libctru/lib\libctru.a(readtp.o)
 .ARM.attributes
                0x0000000000000478       0x30 C:/devkitPro/libctru/lib\libctru.a(os.o)
 .ARM.attributes
                0x00000000000004a8       0x30 C:/devkitPro/libctru/lib\libctru.a(path_buf.o)
 .ARM.attributes
                0x00000000000004d8       0x30 C:/devkitPro/libctru/lib\libctru.a(thread.o)
 .ARM.attributes
                0x0000000000000508       0x30 C:/devkitPro/libctru/lib\libctru.a(mappable.o)
 .ARM.attributes
                0x0000000000000538       0x30 C:/devkitPro/libctru/lib\libctru.a(irrst.o)
 .ARM.attributes
                0x0000000000000568       0x30 C:/devkitPro/libctru/lib\libctru.a(gspgpu.o)
 .ARM.attributes
                0x0000000000000598       0x30 C:/devkitPro/libctru/lib\libctru.a(ptmsysm.o)
 .ARM.attributes
                0x00000000000005c8       0x30 C:/devkitPro/libctru/lib\libctru.a(encode_utf16.o)
 .ARM.attributes
                0x00000000000005f8       0x30 C:/devkitPro/libctru/lib\libctru.a(encode_utf8.o)
 .ARM.attributes
                0x0000000000000628       0x1c c:/devkitpro/devkitarm/bin/../lib/gcc/arm-none-eabi/12.2.0/armv6k/fpu\libgcc.a(_dvmd_tls.o)
 .ARM.attributes
                0x0000000000000644       0x30 c:/devkitpro/devkitarm/bin/../lib/gcc/arm-none-eabi/12.2.0/../../../../arm-none-eabi/lib/armv6k/fpu\libg.a(lib_a-bsearch.o)
 .ARM.attributes
                0x0000000000000674       0x30 c:/devkitpro/devkitarm/bin/../lib/gcc/arm-none-eabi/12.2.0/../../../../arm-none-eabi/lib/armv6k/fpu\libg.a(lib_a-exit.o)
 .ARM.attributes
                0x00000000000006a4       0x30 c:/devkitpro/devkitarm/bin/../lib/gcc/arm-none-eabi/12.2.0/../../../../arm-none-eabi/lib/armv6k/fpu\libg.a(lib_a-fini.o)
 .ARM.attributes
                0x00000000000006d4       0x30 c:/devkitpro/devkitarm/bin/../lib/gcc/arm-none-eabi/12.2.0/../../../../arm-none-eabi/lib/armv6k/fpu\libg.a(lib_a-freer.o)
 .ARM.attributes
                0x0000000000000704       0x30 c:/devkitpro/devkitarm/bin/../lib/gcc/arm-none-eabi/12.2.0/../../../../arm-none-eabi/lib/armv6k/fpu\libg.a(lib_a-impure.o)
 .ARM.attributes
                0x0000000000000734       0x30 c:/devkitpro/devkitarm/bin/../lib/gcc/arm-none-eabi/12.2.0/../../../../arm-none-eabi/lib/armv6k/fpu\libg.a(lib_a-init.o)
 .ARM.attributes
                0x0000000000000764       0x30 c:/devkitpro/devkitarm/bin/../lib/gcc/arm-none-eabi/12.2.0/../../../../arm-none-eabi/lib/armv6k/fpu\libg.a(lib_a-malign.o)
 .ARM.attributes
                0x0000000000000794       0x30 c:/devkitpro/devkitarm/bin/../lib/gcc/arm-none-eabi/12.2.0/../../../../arm-none-eabi/lib/armv6k/fpu\libg.a(lib_a-malignr.o)
 .ARM.attributes
                0x00000000000007c4       0x30 c:/devkitpro/devkitarm/bin/../lib/gcc/arm-none-eabi/12.2.0/../../../../arm-none-eabi/lib/armv6k/fpu\libg.a(lib_a-malloc.o)
 .ARM.attributes
                0x00000000000007f4       0x30 c:/devkitpro/devkitarm/bin/../lib/gcc/arm-none-eabi/12.2.0/../../../../arm-none-eabi/lib/armv6k/fpu\libg.a(lib_a-mallocr.o)
 .ARM.attributes
                0x0000000000000824       0x30 c:/devkitpro/devkitarm/bin/../lib/gcc/arm-none-eabi/12.2.0/../../../../arm-none-eabi/lib/armv6k/fpu\libg.a(lib_a-memcpy-stub.o)
 .ARM.attributes
                0x0000000000000854       0x30 c:/devkitpro/devkitarm/bin/../lib/gcc/arm-none-eabi/12.2.0/../../../../arm-none-eabi/lib/armv6k/fpu\libg.a(lib_a-memset.o)
 .ARM.attributes
                0x0000000000000884       0x30 c:/devkitpro/devkitarm/bin/../lib/gcc/arm-none-eabi/12.2.0/../../../../arm-none-eabi/lib/armv6k/fpu\libg.a(lib_a-mlock.o)
 .ARM.attributes
                0x00000000000008b4       0x1a c:/devkitpro/devkitarm/bin/../lib/gcc/arm-none-eabi/12.2.0/../../../../arm-none-eabi/lib/armv6k/fpu\libg.a(lib_a-strcmp.o)
 .ARM.attributes
                0x00000000000008ce       0x30 c:/devkitpro/devkitarm/bin/../lib/gcc/arm-none-eabi/12.2.0/../../../../arm-none-eabi/lib/armv6k/fpu\libg.a(lib_a-strlen-stub.o)
 .ARM.attributes
                0x00000000000008fe       0x30 c:/devkitpro/devkitarm/bin/../lib/gcc/arm-none-eabi/12.2.0/../../../../arm-none-eabi/lib/armv6k/fpu\libg.a(lib_a-strncat.o)
 .ARM.attributes
                0x000000000000092e       0x30 c:/devkitpro/devkitarm/bin/../lib/gcc/arm-none-eabi/12.2.0/../../../../arm-none-eabi/lib/armv6k/fpu\libg.a(lib_a-strncmp.o)
 .ARM.attributes
                0x000000000000095e       0x30 c:/devkitpro/devkitarm/bin/../lib/gcc/arm-none-eabi/12.2.0/../../../../arm-none-eabi/lib/armv6k/fpu\libg.a(lib_a-strncpy.o)
 .ARM.attributes
                0x000000000000098e       0x30 c:/devkitpro/devkitarm/bin/../lib/gcc/arm-none-eabi/12.2.0/../../../../arm-none-eabi/lib/armv6k/fpu\libg.a(lib_a-strnlen.o)
 .ARM.attributes
                0x00000000000009be       0x30 c:/devkitpro/devkitarm/bin/../lib/gcc/arm-none-eabi/12.2.0/../../../../arm-none-eabi/lib/armv6k/fpu\libg.a(lib_a-strtoul.o)
 .ARM.attributes
                0x00000000000009ee       0x30 c:/devkitpro/devkitarm/bin/../lib/gcc/arm-none-eabi/12.2.0/../../../../arm-none-eabi/lib/armv6k/fpu\libg.a(lib_a-__call_atexit.o)
 .ARM.attributes
                0x0000000000000a1e       0x30 c:/devkitpro/devkitarm/bin/../lib/gcc/arm-none-eabi/12.2.0/../../../../arm-none-eabi/lib/armv6k/fpu\libg.a(lib_a-ctype_.o)
 .ARM.attributes
                0x0000000000000a4e       0x30 c:/devkitpro/devkitarm/bin/../lib/gcc/arm-none-eabi/12.2.0/../../../../arm-none-eabi/lib/armv6k/fpu\libsysbase.a(iosupport.o)
 .ARM.attributes
                0x0000000000000a7e       0x30 c:/devkitpro/devkitarm/bin/../lib/gcc/arm-none-eabi/12.2.0/../../../../arm-none-eabi/lib/armv6k/fpu\libsysbase.a(sbrk.o)
 .ARM.attributes
                0x0000000000000aae       0x30 c:/devkitpro/devkitarm/bin/../lib/gcc/arm-none-eabi/12.2.0/../../../../arm-none-eabi/lib/armv6k/fpu\libsysbase.a(_exit.o)
 .ARM.attributes
                0x0000000000000ade       0x30 c:/devkitpro/devkitarm/bin/../lib/gcc/arm-none-eabi/12.2.0/../../../../arm-none-eabi/lib/armv6k/fpu\libsysbase.a(malloc_vars.o)
 .ARM.attributes
                0x0000000000000b0e       0x30 c:/devkitpro/devkitarm/bin/../lib/gcc/arm-none-eabi/12.2.0/../../../../arm-none-eabi/lib/armv6k/fpu\libsysbase.a(chdir.o)
 .ARM.attributes
                0x0000000000000b3e       0x30 c:/devkitpro/devkitarm/bin/../lib/gcc/arm-none-eabi/12.2.0/../../../../arm-none-eabi/lib/armv6k/fpu\libsysbase.a(getreent.o)
 .ARM.attributes
                0x0000000000000b6e       0x30 c:/devkitpro/devkitarm/bin/../lib/gcc/arm-none-eabi/12.2.0/../../../../arm-none-eabi/lib/armv6k/fpu\libsysbase.a(syscall_support.o)
 .ARM.attributes
                0x0000000000000b9e       0x1c c:/devkitpro/devkitarm/bin/../lib/gcc/arm-none-eabi/12.2.0/armv6k/fpu\libgcc.a(_udivsi3.o)
 .ARM.attributes
                0x0000000000000bba       0x30 c:/devkitpro/devkitarm/bin/../lib/gcc/arm-none-eabi/12.2.0/../../../../arm-none-eabi/lib/armv6k/fpu\libg.a(lib_a-strchr.o)
 .ARM.attributes
                0x0000000000000bea       0x30 c:/devkitpro/devkitarm/bin/../lib/gcc/arm-none-eabi/12.2.0/../../../../arm-none-eabi/lib/armv6k/fpu\libg.a(lib_a-strrchr.o)
 .ARM.attributes
                0x0000000000000c1a       0x1c c:/devkitpro/devkitarm/bin/../lib/gcc/arm-none-eabi/12.2.0/armv6k/fpu/crtn.o

.debug_loclists
                0x0000000000000000     0xdcf4
 .debug_loclists
                0x0000000000000000       0xb5 C:/devkitPro/libctru/lib\libctru.a(initArgv.o)
 .debug_loclists
                0x00000000000000b5       0x64 C:/devkitPro/libctru/lib\libctru.a(3dslink.o)
 .debug_loclists
                0x0000000000000119       0x23 C:/devkitPro/libctru/lib\libctru.a(ctru_init.o)
 .debug_loclists
                0x000000000000013c       0x24 C:/devkitPro/libctru/lib\libctru.a(ctru_exit.o)
 .debug_loclists
                0x0000000000000160     0x14b1 C:/devkitPro/libctru/lib\libctru.a(synchronization.o)
 .debug_loclists
                0x0000000000001611       0xd9 C:/devkitPro/libctru/lib\libctru.a(env.o)
 .debug_loclists
                0x00000000000016ea      0x651 C:/devkitPro/libctru/lib\libctru.a(srv.o)
 .debug_loclists
                0x0000000000001d3b     0x16b6 C:/devkitPro/libctru/lib\libctru.a(archive_dev.o)
 .debug_loclists
                0x00000000000033f1     0x1e37 C:/devkitPro/libctru/lib\libctru.a(apt.o)
 .debug_loclists
                0x0000000000005228      0x780 C:/devkitPro/libctru/lib\libctru.a(hid.o)
 .debug_loclists
                0x00000000000059a8      0x221 C:/devkitPro/libctru/lib\libctru.a(srvpm.o)
 .debug_loclists
                0x0000000000005bc9     0x40a2 C:/devkitPro/libctru/lib\libctru.a(fs.o)
 .debug_loclists
                0x0000000000009c6b       0xb7 C:/devkitPro/libctru/lib\libctru.a(utf16_to_utf8.o)
 .debug_loclists
                0x0000000000009d22       0xa6 C:/devkitPro/libctru/lib\libctru.a(decode_utf16.o)
 .debug_loclists
                0x0000000000009dc8      0x1a7 C:/devkitPro/libctru/lib\libctru.a(decode_utf8.o)
 .debug_loclists
                0x0000000000009f6f       0x9f C:/devkitPro/libctru/lib\libctru.a(utf8_to_utf16.o)
 .debug_loclists
                0x000000000000a00e      0x1bf C:/devkitPro/libctru/lib\libctru.a(syscalls.o)
 .debug_loclists
                0x000000000000a1cd       0x5c C:/devkitPro/libctru/lib\libctru.a(allocateHeaps.o)
 .debug_loclists
                0x000000000000a229      0x20e C:/devkitPro/libctru/lib\libctru.a(os.o)
 .debug_loclists
                0x000000000000a437      0x2fa C:/devkitPro/libctru/lib\libctru.a(thread.o)
 .debug_loclists
                0x000000000000a731       0xf4 C:/devkitPro/libctru/lib\libctru.a(mappable.o)
 .debug_loclists